Archive member included to satisfy reference by file (symbol)

C:/ST/STM32CubeIDE_1.9.0/STM32CubeIDE/plugins/com.st.stm32cube.ide.mcu.externaltools.gnu-tools-for-stm32.13.3.rel1.win32_1.0.0.202411081344/tools/bin/../lib/gcc/arm-none-eabi/13.3.1/../../../../arm-none-eabi/lib/thumb/v7e-m+dp/hard\libc_nano.a(libc_a-exit.o)
                              C:/ST/STM32CubeIDE_1.9.0/STM32CubeIDE/plugins/com.st.stm32cube.ide.mcu.externaltools.gnu-tools-for-stm32.13.3.rel1.win32_1.0.0.202411081344/tools/bin/../lib/gcc/arm-none-eabi/13.3.1/../../../../arm-none-eabi/lib/thumb/v7e-m+dp/hard/crt0.o (exit)
C:/ST/STM32CubeIDE_1.9.0/STM32CubeIDE/plugins/com.st.stm32cube.ide.mcu.externaltools.gnu-tools-for-stm32.13.3.rel1.win32_1.0.0.202411081344/tools/bin/../lib/gcc/arm-none-eabi/13.3.1/../../../../arm-none-eabi/lib/thumb/v7e-m+dp/hard\libc_nano.a(libc_a-findfp.o)
                              C:/ST/STM32CubeIDE_1.9.0/STM32CubeIDE/plugins/com.st.stm32cube.ide.mcu.externaltools.gnu-tools-for-stm32.13.3.rel1.win32_1.0.0.202411081344/tools/bin/../lib/gcc/arm-none-eabi/13.3.1/../../../../arm-none-eabi/lib/thumb/v7e-m+dp/hard\libc_nano.a(libc_a-exit.o) (__stdio_exit_handler)
C:/ST/STM32CubeIDE_1.9.0/STM32CubeIDE/plugins/com.st.stm32cube.ide.mcu.externaltools.gnu-tools-for-stm32.13.3.rel1.win32_1.0.0.202411081344/tools/bin/../lib/gcc/arm-none-eabi/13.3.1/../../../../arm-none-eabi/lib/thumb/v7e-m+dp/hard\libc_nano.a(libc_a-fwalk.o)
                              C:/ST/STM32CubeIDE_1.9.0/STM32CubeIDE/plugins/com.st.stm32cube.ide.mcu.externaltools.gnu-tools-for-stm32.13.3.rel1.win32_1.0.0.202411081344/tools/bin/../lib/gcc/arm-none-eabi/13.3.1/../../../../arm-none-eabi/lib/thumb/v7e-m+dp/hard\libc_nano.a(libc_a-findfp.o) (_fwalk_sglue)
C:/ST/STM32CubeIDE_1.9.0/STM32CubeIDE/plugins/com.st.stm32cube.ide.mcu.externaltools.gnu-tools-for-stm32.13.3.rel1.win32_1.0.0.202411081344/tools/bin/../lib/gcc/arm-none-eabi/13.3.1/../../../../arm-none-eabi/lib/thumb/v7e-m+dp/hard\libc_nano.a(libc_a-stdio.o)
                              C:/ST/STM32CubeIDE_1.9.0/STM32CubeIDE/plugins/com.st.stm32cube.ide.mcu.externaltools.gnu-tools-for-stm32.13.3.rel1.win32_1.0.0.202411081344/tools/bin/../lib/gcc/arm-none-eabi/13.3.1/../../../../arm-none-eabi/lib/thumb/v7e-m+dp/hard\libc_nano.a(libc_a-findfp.o) (__sread)
C:/ST/STM32CubeIDE_1.9.0/STM32CubeIDE/plugins/com.st.stm32cube.ide.mcu.externaltools.gnu-tools-for-stm32.13.3.rel1.win32_1.0.0.202411081344/tools/bin/../lib/gcc/arm-none-eabi/13.3.1/../../../../arm-none-eabi/lib/thumb/v7e-m+dp/hard\libc_nano.a(libc_a-memset.o)
                              C:/ST/STM32CubeIDE_1.9.0/STM32CubeIDE/plugins/com.st.stm32cube.ide.mcu.externaltools.gnu-tools-for-stm32.13.3.rel1.win32_1.0.0.202411081344/tools/bin/../lib/gcc/arm-none-eabi/13.3.1/../../../../arm-none-eabi/lib/thumb/v7e-m+dp/hard/crt0.o (memset)
C:/ST/STM32CubeIDE_1.9.0/STM32CubeIDE/plugins/com.st.stm32cube.ide.mcu.externaltools.gnu-tools-for-stm32.13.3.rel1.win32_1.0.0.202411081344/tools/bin/../lib/gcc/arm-none-eabi/13.3.1/../../../../arm-none-eabi/lib/thumb/v7e-m+dp/hard\libc_nano.a(libc_a-strstr.o)
                              ./Application/Src/EC_Manager.o (strstr)
C:/ST/STM32CubeIDE_1.9.0/STM32CubeIDE/plugins/com.st.stm32cube.ide.mcu.externaltools.gnu-tools-for-stm32.13.3.rel1.win32_1.0.0.202411081344/tools/bin/../lib/gcc/arm-none-eabi/13.3.1/../../../../arm-none-eabi/lib/thumb/v7e-m+dp/hard\libc_nano.a(libc_a-closer.o)
                              C:/ST/STM32CubeIDE_1.9.0/STM32CubeIDE/plugins/com.st.stm32cube.ide.mcu.externaltools.gnu-tools-for-stm32.13.3.rel1.win32_1.0.0.202411081344/tools/bin/../lib/gcc/arm-none-eabi/13.3.1/../../../../arm-none-eabi/lib/thumb/v7e-m+dp/hard\libc_nano.a(libc_a-stdio.o) (_close_r)
C:/ST/STM32CubeIDE_1.9.0/STM32CubeIDE/plugins/com.st.stm32cube.ide.mcu.externaltools.gnu-tools-for-stm32.13.3.rel1.win32_1.0.0.202411081344/tools/bin/../lib/gcc/arm-none-eabi/13.3.1/../../../../arm-none-eabi/lib/thumb/v7e-m+dp/hard\libc_nano.a(libc_a-reent.o)
                              C:/ST/STM32CubeIDE_1.9.0/STM32CubeIDE/plugins/com.st.stm32cube.ide.mcu.externaltools.gnu-tools-for-stm32.13.3.rel1.win32_1.0.0.202411081344/tools/bin/../lib/gcc/arm-none-eabi/13.3.1/../../../../arm-none-eabi/lib/thumb/v7e-m+dp/hard\libc_nano.a(libc_a-closer.o) (errno)
C:/ST/STM32CubeIDE_1.9.0/STM32CubeIDE/plugins/com.st.stm32cube.ide.mcu.externaltools.gnu-tools-for-stm32.13.3.rel1.win32_1.0.0.202411081344/tools/bin/../lib/gcc/arm-none-eabi/13.3.1/../../../../arm-none-eabi/lib/thumb/v7e-m+dp/hard\libc_nano.a(libc_a-impure.o)
                              C:/ST/STM32CubeIDE_1.9.0/STM32CubeIDE/plugins/com.st.stm32cube.ide.mcu.externaltools.gnu-tools-for-stm32.13.3.rel1.win32_1.0.0.202411081344/tools/bin/../lib/gcc/arm-none-eabi/13.3.1/../../../../arm-none-eabi/lib/thumb/v7e-m+dp/hard\libc_nano.a(libc_a-reent.o) (_impure_ptr)
[...]
Memory Configuration

Name             Origin             Length             Attributes
FLASH            0x08000000         0x00200000         xr
DTCMRAM          0x20000000         0x00020000         xrw
RAM_D1           0x24000000         0x00080000         xrw
RAM_D2           0x30000000         0x00048000         xrw
RAM_D3           0x38000000         0x00010000         xrw
ITCMRAM          0x00000000         0x00010000         xrw
*default*        0x00000000         0xffffffff

Linker script and memory map

LOAD C:/ST/STM32CubeIDE_1.9.0/STM32CubeIDE/plugins/com.st.stm32cube.ide.mcu.externaltools.gnu-tools-for-stm32.13.3.rel1.win32_1.0.0.202411081344/tools/bin/../lib/gcc/arm-none-eabi/13.3.1/thumb/v7e-m+dp/hard/crti.o
LOAD C:/ST/STM32CubeIDE_1.9.0/STM32CubeIDE/plugins/com.st.stm32cube.ide.mcu.externaltools.gnu-tools-for-stm32.13.3.rel1.win32_1.0.0.202411081344/tools/bin/../lib/gcc/arm-none-eabi/13.3.1/thumb/v7e-m+dp/hard/crtbegin.o
LOAD C:/ST/STM32CubeIDE_1.9.0/STM32CubeIDE/plugins/com.st.stm32cube.ide.mcu.externaltools.gnu-tools-for-stm32.13.3.rel1.win32_1.0.0.202411081344/tools/bin/../lib/gcc/arm-none-eabi/13.3.1/../../../../arm-none-eabi/lib/thumb/v7e-m+dp/hard/crt0.o
LOAD ./Application/Src/EC_Api.o
LOAD ./Application/Src/EC_Comm.o
LOAD ./Application/Src/EC_Manager.o
LOAD ./Core/Src/main.o
LOAD ./Core/Src/stm32h7xx_hal_msp.o
LOAD ./Core/Src/stm32h7xx_it.o
LOAD ./Core/Src/syscalls.o
LOAD ./Core/Src/sysmem.o
LOAD ./Core/Src/system_stm32h7xx.o
LOAD ./Core/Startup/startup_stm32h753zitx.o
LOAD ./Drivers/STM32H7xx_HAL_Driver/Src/stm32h7xx_hal.o
LOAD ./Drivers/STM32H7xx_HAL_Driver/Src/stm32h7xx_hal_cortex.o
LOAD ./Drivers/STM32H7xx_HAL_Driver/Src/stm32h7xx_hal_dma.o
LOAD ./Drivers/STM32H7xx_HAL_Driver/Src/stm32h7xx_hal_dma_ex.o
LOAD ./Drivers/STM32H7xx_HAL_Driver/Src/stm32h7xx_hal_exti.o
LOAD ./Drivers/STM32H7xx_HAL_Driver/Src/stm32h7xx_hal_flash.o
LOAD ./Drivers/STM32H7xx_HAL_Driver/Src/stm32h7xx_hal_flash_ex.o
LOAD ./Drivers/STM32H7xx_HAL_Driver/Src/stm32h7xx_hal_gpio.o
LOAD ./Drivers/STM32H7xx_HAL_Driver/Src/stm32h7xx_hal_hsem.o
LOAD ./Drivers/STM32H7xx_HAL_Driver/Src/stm32h7xx_hal_i2c.o
LOAD ./Drivers/STM32H7xx_HAL_Driver/Src/stm32h7xx_hal_i2c_ex.o
LOAD ./Drivers/STM32H7xx_HAL_Driver/Src/stm32h7xx_hal_mdma.o
LOAD ./Drivers/STM32H7xx_HAL_Driver/Src/stm32h7xx_hal_pwr.o
LOAD ./Drivers/STM32H7xx_HAL_Driver/Src/stm32h7xx_hal_pwr_ex.o
LOAD ./Drivers/STM32H7xx_HAL_Driver/Src/stm32h7xx_hal_rcc.o
LOAD ./Drivers/STM32H7xx_HAL_Driver/Src/stm32h7xx_hal_rcc_ex.o
LOAD ./Drivers/STM32H7xx_HAL_Driver/Src/stm32h7xx_hal_tim.o
LOAD ./Drivers/STM32H7xx_HAL_Driver/Src/stm32h7xx_hal_tim_ex.o
LOAD ./Drivers/STM32H7xx_HAL_Driver/Src/stm32h7xx_hal_uart.o
LOAD ./Drivers/STM32H7xx_HAL_Driver/Src/stm32h7xx_hal_uart_ex.o
START GROUP
LOAD C:/ST/STM32CubeIDE_1.9.0/STM32CubeIDE/plugins/com.st.stm32cube.ide.mcu.externaltools.gnu-tools-for-stm32.13.3.rel1.win32_1.0.0.202411081344/tools/bin/../lib/gcc/arm-none-eabi/13.3.1/../../../../arm-none-eabi/lib/thumb/v7e-m+dp/hard\libc_nano.a
LOAD C:/ST/STM32CubeIDE_1.9.0/STM32CubeIDE/plugins/com.st.stm32cube.ide.mcu.externaltools.gnu-tools-for-stm32.13.3.rel1.win32_1.0.0.202411081344/tools/bin/../lib/gcc/arm-none-eabi/13.3.1/../../../../arm-none-eabi/lib/thumb/v7e-m+dp/hard\libm.a
END GROUP
START GROUP
LOAD C:/ST/STM32CubeIDE_1.9.0/STM32CubeIDE/plugins/com.st.stm32cube.ide.mcu.externaltools.gnu-tools-for-stm32.13.3.rel1.win32_1.0.0.202411081344/tools/bin/../lib/gcc/arm-none-eabi/13.3.1/thumb/v7e-m+dp/hard\libgcc.a
LOAD C:/ST/STM32CubeIDE_1.9.0/STM32CubeIDE/plugins/com.st.stm32cube.ide.mcu.externaltools.gnu-tools-for-stm32.13.3.rel1.win32_1.0.0.202411081344/tools/bin/../lib/gcc/arm-none-eabi/13.3.1/../../../../arm-none-eabi/lib/thumb/v7e-m+dp/hard\libc_nano.a
END GROUP
START GROUP
LOAD C:/ST/STM32CubeIDE_1.9.0/STM32CubeIDE/plugins/com.st.stm32cube.ide.mcu.externaltools.gnu-tools-for-stm32.13.3.rel1.win32_1.0.0.202411081344/tools/bin/../lib/gcc/arm-none-eabi/13.3.1/thumb/v7e-m+dp/hard\libgcc.a
LOAD C:/ST/STM32CubeIDE_1.9.0/STM32CubeIDE/plugins/com.st.stm32cube.ide.mcu.externaltools.gnu-tools-for-stm32.13.3.rel1.win32_1.0.0.202411081344/tools/bin/../lib/gcc/arm-none-eabi/13.3.1/../../../../arm-none-eabi/lib/thumb/v7e-m+dp/hard\libc_nano.a
LOAD C:/ST/STM32CubeIDE_1.9.0/STM32CubeIDE/plugins/com.st.stm32cube.ide.mcu.externaltools.gnu-tools-for-stm32.13.3.rel1.win32_1.0.0.202411081344/tools/bin/../lib/gcc/arm-none-eabi/13.3.1/../../../../arm-none-eabi/lib/thumb/v7e-m+dp/hard\libnosys.a
END GROUP
START GROUP
LOAD C:/ST/STM32CubeIDE_1.9.0/STM32CubeIDE/plugins/com.st.stm32cube.ide.mcu.externaltools.gnu-tools-for-stm32.13.3.rel1.win32_1.0.0.202411081344/tools/bin/../lib/gcc/arm-none-eabi/13.3.1/thumb/v7e-m+dp/hard\libgcc.a
LOAD C:/ST/STM32CubeIDE_1.9.0/STM32CubeIDE/plugins/com.st.stm32cube.ide.mcu.externaltools.gnu-tools-for-stm32.13.3.rel1.win32_1.0.0.202411081344/tools/bin/../lib/gcc/arm-none-eabi/13.3.1/../../../../arm-none-eabi/lib/thumb/v7e-m+dp/hard\libc_nano.a
LOAD C:/ST/STM32CubeIDE_1.9.0/STM32CubeIDE/plugins/com.st.stm32cube.ide.mcu.externaltools.gnu-tools-for-stm32.13.3.rel1.win32_1.0.0.202411081344/tools/bin/../lib/gcc/arm-none-eabi/13.3.1/../../../../arm-none-eabi/lib/thumb/v7e-m+dp/hard\libnosys.a
END GROUP
LOAD C:/ST/STM32CubeIDE_1.9.0/STM32CubeIDE/plugins/com.st.stm32cube.ide.mcu.externaltools.gnu-tools-for-stm32.13.3.rel1.win32_1.0.0.202411081344/tools/bin/../lib/gcc/arm-none-eabi/13.3.1/thumb/v7e-m+dp/hard/crtend.o
LOAD C:/ST/STM32CubeIDE_1.9.0/STM32CubeIDE/plugins/com.st.stm32cube.ide.mcu.externaltools.gnu-tools-for-stm32.13.3.rel1.win32_1.0.0.202411081344/tools/bin/../lib/gcc/arm-none-eabi/13.3.1/thumb/v7e-m+dp/hard/crtn.o
                0x24080000                        _estack = (ORIGIN (RAM_D1) + LENGTH (RAM_D1))
                0x00000200                        _Min_Heap_Size = 0x200
                0x00000400                        _Min_Stack_Size = 0x400

.isr_vector     0x08000000      0x298
                0x08000000                        . = ALIGN (0x4)
 *(.isr_vector)
 .isr_vector    0x08000000      0x298 ./Core/Startup/startup_stm32h753zitx.o
                0x08000000                g_pfnVectors
                0x08000298                        . = ALIGN (0x4)

.text           0x08000298     0x7ce0
                0x08000298                        . = ALIGN (0x4)
 *(.text)
 .text          0x08000298       0x40 C:/ST/STM32CubeIDE_1.9.0/STM32CubeIDE/plugins/com.st.stm32cube.ide.mcu.externaltools.gnu-tools-for-stm32.13.3.rel1.win32_1.0.0.202411081344/tools/bin/../lib/gcc/arm-none-eabi/13.3.1/thumb/v7e-m+dp/hard/crtbegin.o
 .text          0x080002d8       0x10 C:/ST/STM32CubeIDE_1.9.0/STM32CubeIDE/plugins/com.st.stm32cube.ide.mcu.externaltools.gnu-tools-for-stm32.13.3.rel1.win32_1.0.0.202411081344/tools/bin/../lib/gcc/arm-none-eabi/13.3.1/../../../../arm-none-eabi/lib/thumb/v7e-m+dp/hard\libc_nano.a(libc_a-strlen.o)
                0x080002d8                strlen
 .text          0x080002e8       0x30 C:/ST/STM32CubeIDE_1.9.0/STM32CubeIDE/plugins/com.st.stm32cube.ide.mcu.externaltools.gnu-tools-for-stm32.13.3.rel1.win32_1.0.0.202411081344/tools/bin/../lib/gcc/arm-none-eabi/13.3.1/thumb/v7e-m+dp/hard\libgcc.a(_aeabi_uldivmod.o)
                0x080002e8                __aeabi_uldivmod
 .text          0x08000318      0x2f8 C:/ST/STM32CubeIDE_1.9.0/STM32CubeIDE/plugins/com.st.stm32cube.ide.mcu.externaltools.gnu-tools-for-stm32.13.3.rel1.win32_1.0.0.202411081344/tools/bin/../lib/gcc/arm-none-eabi/13.3.1/thumb/v7e-m+dp/hard\libgcc.a(_udivmoddi4.o)
                0x08000318                __udivmoddi4
 .text          0x08000610        0x4 C:/ST/STM32CubeIDE_1.9.0/STM32CubeIDE/plugins/com.st.stm32cube.ide.mcu.externaltools.gnu-tools-for-stm32.13.3.rel1.win32_1.0.0.202411081344/tools/bin/../lib/gcc/arm-none-eabi/13.3.1/thumb/v7e-m+dp/hard\libgcc.a(_dvmd_tls.o)
                0x08000610                __aeabi_idiv0
                0x08000610                __aeabi_ldiv0
 *(.text*)
 .text.EC_Signal_Extract
                0x08000614        0xe ./Application/Src/EC_Api.o
                0x08000614                EC_Signal_Extract
 *fill*         0x08000622        0x2 
 .text.HAL_UART_RxCpltCallback
                0x08000624       0x54 ./Application/Src/EC_Comm.o
                0x08000624                HAL_UART_RxCpltCallback
 .text.HAL_TIM_PeriodElapsedCallback
                0x08000678       0x7c ./Application/Src/EC_Comm.o
                0x08000678                HAL_TIM_PeriodElapsedCallback
 .text.EC_Comm_Send
                0x080006f4       0x40 ./Application/Src/EC_Comm.o
                0x080006f4                EC_Comm_Send
 .text.EC_Manager_Proceeder
                0x08000734      0x130 ./Application/Src/EC_Manager.o
                0x08000734                EC_Manager_Proceeder
 .text.EC_Manager_Handler
                0x08000864      0x27c ./Application/Src/EC_Manager.o
                0x08000864                EC_Manager_Handler
 .text.main     0x08000ae0       0x3c ./Core/Src/main.o
                0x08000ae0                main
 .text.SystemClock_Config
                0x08000b1c       0xd4 ./Core/Src/main.o
                0x08000b1c                SystemClock_Config
 .text.MX_TIM14_Init
                0x08000bf0       0x48 ./Core/Src/main.o
 .text.MX_USART2_UART_Init
                0x08000c38       0x98 ./Core/Src/main.o
 .text.MX_GPIO_Init
                0x08000cd0       0x88 ./Core/Src/main.o
 .text.MPU_Config
                0x08000d58       0x58 ./Core/Src/main.o
 .text.Error_Handler
                0x08000db0        0xc ./Core/Src/main.o
                0x08000db0                Error_Handler
 .text.HAL_MspInit
                0x08000dbc       0x34 ./Core/Src/stm32h7xx_hal_msp.o
                0x08000dbc                HAL_MspInit
 .text.HAL_TIM_Base_MspInit
                0x08000df0       0x50 ./Core/Src/stm32h7xx_hal_msp.o
                0x08000df0                HAL_TIM_Base_MspInit
 .text.HAL_UART_MspInit
                0x08000e40       0xe0 ./Core/Src/stm32h7xx_hal_msp.o
                0x08000e40                HAL_UART_MspInit
 .text.NMI_Handler
                0x08000f20        0x8 ./Core/Src/stm32h7xx_it.o
                0x08000f20                NMI_Handler
 .text.HardFault_Handler
                0x08000f28        0x8 ./Core/Src/stm32h7xx_it.o
                0x08000f28                HardFault_Handler
 .text.MemManage_Handler
                0x08000f30        0x8 ./Core/Src/stm32h7xx_it.o
                0x08000f30                MemManage_Handler
 .text.BusFault_Handler
                0x08000f38        0x8 ./Core/Src/stm32h7xx_it.o
                0x08000f38                BusFault_Handler
 .text.UsageFault_Handler
                0x08000f40        0x8 ./Core/Src/stm32h7xx_it.o
                0x08000f40                UsageFault_Handler
 .text.SVC_Handler
                0x08000f48        0xe ./Core/Src/stm32h7xx_it.o
                0x08000f48                SVC_Handler
 .text.DebugMon_Handler
                0x08000f56        0xe ./Core/Src/stm32h7xx_it.o
                0x08000f56                DebugMon_Handler
 .text.PendSV_Handler
                0x08000f64        0xe ./Core/Src/stm32h7xx_it.o
                0x08000f64                PendSV_Handler
 .text.SysTick_Handler
                0x08000f72        0xc ./Core/Src/stm32h7xx_it.o
                0x08000f72                SysTick_Handler
 *fill*         0x08000f7e        0x2 
 .text.USART2_IRQHandler
                0x08000f80       0x14 ./Core/Src/stm32h7xx_it.o
                0x08000f80                USART2_IRQHandler
 .text.TIM8_TRG_COM_TIM14_IRQHandler
                0x08000f94       0x14 ./Core/Src/stm32h7xx_it.o
                0x08000f94                TIM8_TRG_COM_TIM14_IRQHandler
 .text.SystemInit
                0x08000fa8      0x140 ./Core/Src/system_stm32h7xx.o
                0x08000fa8                SystemInit
 .text.ExitRun0Mode
                0x080010e8       0x30 ./Core/Src/system_stm32h7xx.o
                0x080010e8                ExitRun0Mode
 .text.Reset_Handler
                0x08001118       0x54 ./Core/Startup/startup_stm32h753zitx.o
                0x08001118                Reset_Handler
 .text.Default_Handler
                0x0800116c        0x2 ./Core/Startup/startup_stm32h753zitx.o
                0x0800116c                RTC_Alarm_IRQHandler
                0x0800116c                HASH_RNG_IRQHandler
                0x0800116c                EXTI2_IRQHandler
                0x0800116c                TIM8_CC_IRQHandler
                0x0800116c                HRTIM1_Master_IRQHandler
                0x0800116c                UART8_IRQHandler
                0x0800116c                SPI4_IRQHandler
                0x0800116c                TIM1_CC_IRQHandler
                0x0800116c                BDMA_Channel6_IRQHandler
                0x0800116c                DMA2_Stream5_IRQHandler
                0x0800116c                HRTIM1_FLT_IRQHandler
                0x0800116c                JPEG_IRQHandler
                0x0800116c                DMA1_Stream5_IRQHandler
                0x0800116c                BDMA_Channel1_IRQHandler
                0x0800116c                HRTIM1_TIMD_IRQHandler
                0x0800116c                TAMP_STAMP_IRQHandler
                0x0800116c                EXTI3_IRQHandler
                0x0800116c                LPTIM4_IRQHandler
                0x0800116c                LPTIM2_IRQHandler
                0x0800116c                DFSDM1_FLT1_IRQHandler
                0x0800116c                DMAMUX2_OVR_IRQHandler
                0x0800116c                TIM8_UP_TIM13_IRQHandler
                0x0800116c                I2C3_ER_IRQHandler
                0x0800116c                DFSDM1_FLT2_IRQHandler
                0x0800116c                MDMA_IRQHandler
                0x0800116c                LPTIM3_IRQHandler
                0x0800116c                HSEM1_IRQHandler
                0x0800116c                EXTI0_IRQHandler
                0x0800116c                I2C2_EV_IRQHandler
                0x0800116c                DMA1_Stream2_IRQHandler
                0x0800116c                FPU_IRQHandler
                0x0800116c                OTG_HS_WKUP_IRQHandler
                0x0800116c                FDCAN1_IT1_IRQHandler
                0x0800116c                LTDC_ER_IRQHandler
                0x0800116c                DMA2_Stream2_IRQHandler
                0x0800116c                HRTIM1_TIME_IRQHandler
                0x0800116c                SPI1_IRQHandler
                0x0800116c                TIM6_DAC_IRQHandler
                0x0800116c                DCMI_IRQHandler
                0x0800116c                HRTIM1_TIMC_IRQHandler
                0x0800116c                DMA2_Stream3_IRQHandler
                0x0800116c                SAI2_IRQHandler
                0x0800116c                DFSDM1_FLT3_IRQHandler
                0x0800116c                USART6_IRQHandler
                0x0800116c                TIM17_IRQHandler
                0x0800116c                USART3_IRQHandler
                0x0800116c                BDMA_Channel7_IRQHandler
                0x0800116c                CRYP_IRQHandler
                0x0800116c                LPTIM5_IRQHandler
                0x0800116c                UART5_IRQHandler
                0x0800116c                ADC3_IRQHandler
                0x0800116c                DMA2_Stream0_IRQHandler
                0x0800116c                TIM4_IRQHandler
                0x0800116c                BDMA_Channel2_IRQHandler
                0x0800116c                QUADSPI_IRQHandler
                0x0800116c                I2C1_EV_IRQHandler
                0x0800116c                DMA1_Stream6_IRQHandler
                0x0800116c                DMAMUX1_OVR_IRQHandler
                0x0800116c                DMA1_Stream1_IRQHandler
                0x0800116c                TIM16_IRQHandler
                0x0800116c                UART4_IRQHandler
                0x0800116c                BDMA_Channel5_IRQHandler
                0x0800116c                TIM3_IRQHandler
                0x0800116c                RCC_IRQHandler
                0x0800116c                TIM8_BRK_TIM12_IRQHandler
                0x0800116c                TIM1_TRG_COM_IRQHandler
                0x0800116c                Default_Handler
                0x0800116c                ECC_IRQHandler
                0x0800116c                CEC_IRQHandler
                0x0800116c                EXTI15_10_IRQHandler
                0x0800116c                BDMA_Channel0_IRQHandler
                0x0800116c                ADC_IRQHandler
                0x0800116c                DMA1_Stream7_IRQHandler
                0x0800116c                HRTIM1_TIMA_IRQHandler
                0x0800116c                SPI5_IRQHandler
                0x0800116c                TIM7_IRQHandler
                0x0800116c                SDMMC1_IRQHandler
                0x0800116c                TIM5_IRQHandler
                0x0800116c                DMA2_Stream7_IRQHandler
                0x0800116c                TIM15_IRQHandler
                0x0800116c                PVD_AVD_IRQHandler
                0x0800116c                I2C3_EV_IRQHandler
                0x0800116c                EXTI9_5_IRQHandler
                0x0800116c                RTC_WKUP_IRQHandler
                0x0800116c                LTDC_IRQHandler
                0x0800116c                SAI3_IRQHandler
                0x0800116c                ETH_WKUP_IRQHandler
                0x0800116c                SPDIF_RX_IRQHandler
                0x0800116c                SPI2_IRQHandler
                0x0800116c                OTG_HS_EP1_IN_IRQHandler
                0x0800116c                DMA1_Stream0_IRQHandler
                0x0800116c                CRS_IRQHandler
                0x0800116c                EXTI4_IRQHandler
                0x0800116c                HRTIM1_TIMB_IRQHandler
                0x0800116c                FDCAN2_IT1_IRQHandler
                0x0800116c                ETH_IRQHandler
                0x0800116c                TIM1_UP_IRQHandler
                0x0800116c                BDMA_Channel4_IRQHandler
                0x0800116c                OTG_HS_EP1_OUT_IRQHandler
                0x0800116c                WWDG_IRQHandler
                0x0800116c                SPI6_IRQHandler
                0x0800116c                MDIOS_IRQHandler
                0x0800116c                I2C4_EV_IRQHandler
                0x0800116c                FDCAN2_IT0_IRQHandler
                0x0800116c                LPUART1_IRQHandler
                0x0800116c                FDCAN1_IT0_IRQHandler
                0x0800116c                TIM2_IRQHandler
                0x0800116c                OTG_FS_WKUP_IRQHandler
                0x0800116c                OTG_HS_IRQHandler
                0x0800116c                DMA2D_IRQHandler
                0x0800116c                TIM1_BRK_IRQHandler
                0x0800116c                EXTI1_IRQHandler
                0x0800116c                SDMMC2_IRQHandler
                0x0800116c                OTG_FS_EP1_OUT_IRQHandler
                0x0800116c                BDMA_Channel3_IRQHandler
                0x0800116c                UART7_IRQHandler
                0x0800116c                MDIOS_WKUP_IRQHandler
                0x0800116c                DFSDM1_FLT0_IRQHandler
                0x0800116c                SAI4_IRQHandler
                0x0800116c                I2C2_ER_IRQHandler
                0x0800116c                DMA2_Stream1_IRQHandler
                0x0800116c                FLASH_IRQHandler
                0x0800116c                DMA2_Stream4_IRQHandler
                0x0800116c                USART1_IRQHandler
                0x0800116c                OTG_FS_IRQHandler
                0x0800116c                SPI3_IRQHandler
                0x0800116c                WAKEUP_PIN_IRQHandler
                0x0800116c                DMA1_Stream4_IRQHandler
                0x0800116c                OTG_FS_EP1_IN_IRQHandler
                0x0800116c                I2C1_ER_IRQHandler
                0x0800116c                FMC_IRQHandler
                0x0800116c                FDCAN_CAL_IRQHandler
                0x0800116c                SWPMI1_IRQHandler
                0x0800116c                COMP1_IRQHandler
                0x0800116c                LPTIM1_IRQHandler
                0x0800116c                I2C4_ER_IRQHandler
                0x0800116c                DMA2_Stream6_IRQHandler
                0x0800116c                SAI1_IRQHandler
                0x0800116c                DMA1_Stream3_IRQHandler
 *fill*         0x0800116e        0x2 
 .text.HAL_Init
                0x08001170       0x78 ./Drivers/STM32H7xx_HAL_Driver/Src/stm32h7xx_hal.o
                0x08001170                HAL_Init
 .text.HAL_InitTick
                0x080011e8       0x6c ./Drivers/STM32H7xx_HAL_Driver/Src/stm32h7xx_hal.o
                0x080011e8                HAL_InitTick
 .text.HAL_IncTick
                0x08001254       0x28 ./Drivers/STM32H7xx_HAL_Driver/Src/stm32h7xx_hal.o
                0x08001254                HAL_IncTick
 .text.HAL_GetTick
                0x0800127c       0x18 ./Drivers/STM32H7xx_HAL_Driver/Src/stm32h7xx_hal.o
                0x0800127c                HAL_GetTick
 .text.HAL_GetREVID
                0x08001294       0x18 ./Drivers/STM32H7xx_HAL_Driver/Src/stm32h7xx_hal.o
                0x08001294                HAL_GetREVID
 .text.__NVIC_SetPriorityGrouping
                0x080012ac       0x48 ./Drivers/STM32H7xx_HAL_Driver/Src/stm32h7xx_hal_cortex.o
 .text.__NVIC_GetPriorityGrouping
                0x080012f4       0x1c ./Drivers/STM32H7xx_HAL_Driver/Src/stm32h7xx_hal_cortex.o
 .text.__NVIC_EnableIRQ
                0x08001310       0x3c ./Drivers/STM32H7xx_HAL_Driver/Src/stm32h7xx_hal_cortex.o
 .text.__NVIC_SetPriority
                0x0800134c       0x54 ./Drivers/STM32H7xx_HAL_Driver/Src/stm32h7xx_hal_cortex.o
 .text.NVIC_EncodePriority
                0x080013a0       0x66 ./Drivers/STM32H7xx_HAL_Driver/Src/stm32h7xx_hal_cortex.o
 *fill*         0x08001406        0x2 
 .text.SysTick_Config
                0x08001408       0x44 ./Drivers/STM32H7xx_HAL_Driver/Src/stm32h7xx_hal_cortex.o
 .text.HAL_NVIC_SetPriorityGrouping
                0x0800144c       0x16 ./Drivers/STM32H7xx_HAL_Driver/Src/stm32h7xx_hal_cortex.o
                0x0800144c                HAL_NVIC_SetPriorityGrouping
 .text.HAL_NVIC_SetPriority
                0x08001462       0x34 ./Drivers/STM32H7xx_HAL_Driver/Src/stm32h7xx_hal_cortex.o
                0x08001462                HAL_NVIC_SetPriority
 .text.HAL_NVIC_EnableIRQ
                0x08001496       0x1c ./Drivers/STM32H7xx_HAL_Driver/Src/stm32h7xx_hal_cortex.o
                0x08001496                HAL_NVIC_EnableIRQ
 .text.HAL_SYSTICK_Config
                0x080014b2       0x18 ./Drivers/STM32H7xx_HAL_Driver/Src/stm32h7xx_hal_cortex.o
                0x080014b2                HAL_SYSTICK_Config
 *fill*         0x080014ca        0x2 
 .text.HAL_MPU_Disable
                0x080014cc       0x30 ./Drivers/STM32H7xx_HAL_Driver/Src/stm32h7xx_hal_cortex.o
                0x080014cc                HAL_MPU_Disable
 .text.HAL_MPU_Enable
                0x080014fc       0x40 ./Drivers/STM32H7xx_HAL_Driver/Src/stm32h7xx_hal_cortex.o
                0x080014fc                HAL_MPU_Enable
 .text.HAL_MPU_ConfigRegion
                0x0800153c       0x80 ./Drivers/STM32H7xx_HAL_Driver/Src/stm32h7xx_hal_cortex.o
                0x0800153c                HAL_MPU_ConfigRegion
 .text.HAL_DMA_Abort
                0x080015bc      0x63c ./Drivers/STM32H7xx_HAL_Driver/Src/stm32h7xx_hal_dma.o
                0x080015bc                HAL_DMA_Abort
 .text.HAL_DMA_Abort_IT
                0x08001bf8      0x48c ./Drivers/STM32H7xx_HAL_Driver/Src/stm32h7xx_hal_dma.o
                0x08001bf8                HAL_DMA_Abort_IT
 .text.HAL_GPIO_Init
                0x08002084      0x360 ./Drivers/STM32H7xx_HAL_Driver/Src/stm32h7xx_hal_gpio.o
                0x08002084                HAL_GPIO_Init
 .text.HAL_GPIO_WritePin
                0x080023e4       0x32 ./Drivers/STM32H7xx_HAL_Driver/Src/stm32h7xx_hal_gpio.o
                0x080023e4                HAL_GPIO_WritePin
 *fill*         0x08002416        0x2 
 .text.HAL_PWREx_ConfigSupply
                0x08002418       0x74 ./Drivers/STM32H7xx_HAL_Driver/Src/stm32h7xx_hal_pwr_ex.o
                0x08002418                HAL_PWREx_ConfigSupply
 .text.HAL_RCC_OscConfig
                0x0800248c      0x8b4 ./Drivers/STM32H7xx_HAL_Driver/Src/stm32h7xx_hal_rcc.o
                0x0800248c                HAL_RCC_OscConfig
 .text.HAL_RCC_ClockConfig
                0x08002d40      0x36c ./Drivers/STM32H7xx_HAL_Driver/Src/stm32h7xx_hal_rcc.o
                0x08002d40                HAL_RCC_ClockConfig
 .text.HAL_RCC_GetSysClockFreq
                0x080030ac      0x2f4 ./Drivers/STM32H7xx_HAL_Driver/Src/stm32h7xx_hal_rcc.o
                0x080030ac                HAL_RCC_GetSysClockFreq
 .text.HAL_RCC_GetHCLKFreq
                0x080033a0       0x60 ./Drivers/STM32H7xx_HAL_Driver/Src/stm32h7xx_hal_rcc.o
                0x080033a0                HAL_RCC_GetHCLKFreq
 .text.HAL_RCC_GetPCLK1Freq
                0x08003400       0x2c ./Drivers/STM32H7xx_HAL_Driver/Src/stm32h7xx_hal_rcc.o
                0x08003400                HAL_RCC_GetPCLK1Freq
 .text.HAL_RCC_GetPCLK2Freq
                0x0800342c       0x2c ./Drivers/STM32H7xx_HAL_Driver/Src/stm32h7xx_hal_rcc.o
                0x0800342c                HAL_RCC_GetPCLK2Freq
 .text.HAL_RCCEx_PeriphCLKConfig
                0x08003458     0x1414 ./Drivers/STM32H7xx_HAL_Driver/Src/stm32h7xx_hal_rcc_ex.o
                0x08003458                HAL_RCCEx_PeriphCLKConfig
 .text.HAL_RCCEx_GetD3PCLK1Freq
                0x0800486c       0x2c ./Drivers/STM32H7xx_HAL_Driver/Src/stm32h7xx_hal_rcc_ex.o
                0x0800486c                HAL_RCCEx_GetD3PCLK1Freq
 .text.HAL_RCCEx_GetPLL2ClockFreq
                0x08004898      0x2a8 ./Drivers/STM32H7xx_HAL_Driver/Src/stm32h7xx_hal_rcc_ex.o
                0x08004898                HAL_RCCEx_GetPLL2ClockFreq
 .text.HAL_RCCEx_GetPLL3ClockFreq
                0x08004b40      0x2a8 ./Drivers/STM32H7xx_HAL_Driver/Src/stm32h7xx_hal_rcc_ex.o
                0x08004b40                HAL_RCCEx_GetPLL3ClockFreq
 .text.RCCEx_PLL2_Config
                0x08004de8      0x164 ./Drivers/STM32H7xx_HAL_Driver/Src/stm32h7xx_hal_rcc_ex.o
 .text.RCCEx_PLL3_Config
                0x08004f4c      0x164 ./Drivers/STM32H7xx_HAL_Driver/Src/stm32h7xx_hal_rcc_ex.o
 .text.HAL_TIM_Base_Init
                0x080050b0       0xae ./Drivers/STM32H7xx_HAL_Driver/Src/stm32h7xx_hal_tim.o
                0x080050b0                HAL_TIM_Base_Init
 *fill*         0x0800515e        0x2 
 .text.HAL_TIM_Base_Start_IT
                0x08005160       0xf0 ./Drivers/STM32H7xx_HAL_Driver/Src/stm32h7xx_hal_tim.o
                0x08005160                HAL_TIM_Base_Start_IT
 .text.HAL_TIM_IRQHandler
                0x08005250      0x20e ./Drivers/STM32H7xx_HAL_Driver/Src/stm32h7xx_hal_tim.o
                0x08005250                HAL_TIM_IRQHandler
 .text.HAL_TIM_OC_DelayElapsedCallback
                0x0800545e       0x14 ./Drivers/STM32H7xx_HAL_Driver/Src/stm32h7xx_hal_tim.o
                0x0800545e                HAL_TIM_OC_DelayElapsedCallback
 .text.HAL_TIM_IC_CaptureCallback
                0x08005472       0x14 ./Drivers/STM32H7xx_HAL_Driver/Src/stm32h7xx_hal_tim.o
                0x08005472                HAL_TIM_IC_CaptureCallback
 .text.HAL_TIM_PWM_PulseFinishedCallback
                0x08005486       0x14 ./Drivers/STM32H7xx_HAL_Driver/Src/stm32h7xx_hal_tim.o
                0x08005486                HAL_TIM_PWM_PulseFinishedCallback
 .text.HAL_TIM_TriggerCallback
                0x0800549a       0x14 ./Drivers/STM32H7xx_HAL_Driver/Src/stm32h7xx_hal_tim.o
                0x0800549a                HAL_TIM_TriggerCallback
 *fill*         0x080054ae        0x2 
 .text.TIM_Base_SetConfig
                0x080054b0      0x140 ./Drivers/STM32H7xx_HAL_Driver/Src/stm32h7xx_hal_tim.o
                0x080054b0                TIM_Base_SetConfig
 .text.HAL_TIMEx_CommutCallback
                0x080055f0       0x14 ./Drivers/STM32H7xx_HAL_Driver/Src/stm32h7xx_hal_tim_ex.o
                0x080055f0                HAL_TIMEx_CommutCallback
 .text.HAL_TIMEx_BreakCallback
                0x08005604       0x14 ./Drivers/STM32H7xx_HAL_Driver/Src/stm32h7xx_hal_tim_ex.o
                0x08005604                HAL_TIMEx_BreakCallback
 .text.HAL_TIMEx_Break2Callback
                0x08005618       0x14 ./Drivers/STM32H7xx_HAL_Driver/Src/stm32h7xx_hal_tim_ex.o
                0x08005618                HAL_TIMEx_Break2Callback
 .text.HAL_UART_Init
                0x0800562c       0xa0 ./Drivers/STM32H7xx_HAL_Driver/Src/stm32h7xx_hal_uart.o
                0x0800562c                HAL_UART_Init
 .text.HAL_UART_Transmit
                0x080056cc      0x11c ./Drivers/STM32H7xx_HAL_Driver/Src/stm32h7xx_hal_uart.o
                0x080056cc                HAL_UART_Transmit
 .text.HAL_UART_Receive_IT
                0x080057e8       0x98 ./Drivers/STM32H7xx_HAL_Driver/Src/stm32h7xx_hal_uart.o
                0x080057e8                HAL_UART_Receive_IT
 .text.HAL_UART_IRQHandler
                0x08005880      0x7ac ./Drivers/STM32H7xx_HAL_Driver/Src/stm32h7xx_hal_uart.o
                0x08005880                HAL_UART_IRQHandler
 .text.HAL_UART_TxCpltCallback
                0x0800602c       0x14 ./Drivers/STM32H7xx_HAL_Driver/Src/stm32h7xx_hal_uart.o
                0x0800602c                HAL_UART_TxCpltCallback
 .text.HAL_UART_ErrorCallback
                0x08006040       0x14 ./Drivers/STM32H7xx_HAL_Driver/Src/stm32h7xx_hal_uart.o
                0x08006040                HAL_UART_ErrorCallback
 .text.HAL_UARTEx_RxEventCallback
                0x08006054       0x18 ./Drivers/STM32H7xx_HAL_Driver/Src/stm32h7xx_hal_uart.o
                0x08006054                HAL_UARTEx_RxEventCallback
 .text.UART_SetConfig
                0x0800606c      0xad0 ./Drivers/STM32H7xx_HAL_Driver/Src/stm32h7xx_hal_uart.o
                0x0800606c                UART_SetConfig
 .text.UART_AdvFeatureConfig
                0x08006b3c      0x144 ./Drivers/STM32H7xx_HAL_Driver/Src/stm32h7xx_hal_uart.o
                0x08006b3c                UART_AdvFeatureConfig
 .text.UART_CheckIdleState
                0x08006c80      0x154 ./Drivers/STM32H7xx_HAL_Driver/Src/stm32h7xx_hal_uart.o
                0x08006c80                UART_CheckIdleState
 .text.UART_WaitOnFlagUntilTimeout
                0x08006dd4       0xda ./Drivers/STM32H7xx_HAL_Driver/Src/stm32h7xx_hal_uart.o
                0x08006dd4                UART_WaitOnFlagUntilTimeout
 *fill*         0x08006eae        0x2 
 .text.UART_Start_Receive_IT
                0x08006eb0      0x244 ./Drivers/STM32H7xx_HAL_Driver/Src/stm32h7xx_hal_uart.o
                0x08006eb0                UART_Start_Receive_IT
 .text.UART_EndRxTransfer
                0x080070f4       0xcc ./Drivers/STM32H7xx_HAL_Driver/Src/stm32h7xx_hal_uart.o
 .text.UART_DMAAbortOnError
                0x080071c0       0x24 ./Drivers/STM32H7xx_HAL_Driver/Src/stm32h7xx_hal_uart.o
 .text.UART_EndTransmit_IT
                0x080071e4       0x56 ./Drivers/STM32H7xx_HAL_Driver/Src/stm32h7xx_hal_uart.o
 *fill*         0x0800723a        0x2 
 .text.UART_RxISR_8BIT
                0x0800723c      0x1b8 ./Drivers/STM32H7xx_HAL_Driver/Src/stm32h7xx_hal_uart.o
 .text.UART_RxISR_16BIT
                0x080073f4      0x1b8 ./Drivers/STM32H7xx_HAL_Driver/Src/stm32h7xx_hal_uart.o
 .text.UART_RxISR_8BIT_FIFOEN
                0x080075ac      0x364 ./Drivers/STM32H7xx_HAL_Driver/Src/stm32h7xx_hal_uart.o
 .text.UART_RxISR_16BIT_FIFOEN
                0x08007910      0x36c ./Drivers/STM32H7xx_HAL_Driver/Src/stm32h7xx_hal_uart.o
 .text.HAL_UARTEx_WakeupCallback
                0x08007c7c       0x14 ./Drivers/STM32H7xx_HAL_Driver/Src/stm32h7xx_hal_uart_ex.o
                0x08007c7c                HAL_UARTEx_WakeupCallback
 .text.HAL_UARTEx_RxFifoFullCallback
                0x08007c90       0x14 ./Drivers/STM32H7xx_HAL_Driver/Src/stm32h7xx_hal_uart_ex.o
                0x08007c90                HAL_UARTEx_RxFifoFullCallback
 .text.HAL_UARTEx_TxFifoEmptyCallback
                0x08007ca4       0x14 ./Drivers/STM32H7xx_HAL_Driver/Src/stm32h7xx_hal_uart_ex.o
                0x08007ca4                HAL_UARTEx_TxFifoEmptyCallback
 .text.HAL_UARTEx_DisableFifoMode
                0x08007cb8       0x72 ./Drivers/STM32H7xx_HAL_Driver/Src/stm32h7xx_hal_uart_ex.o
                0x08007cb8                HAL_UARTEx_DisableFifoMode
 .text.HAL_UARTEx_SetTxFifoThreshold
                0x08007d2a       0x7c ./Drivers/STM32H7xx_HAL_Driver/Src/stm32h7xx_hal_uart_ex.o
                0x08007d2a                HAL_UARTEx_SetTxFifoThreshold
 .text.HAL_UARTEx_SetRxFifoThreshold
                0x08007da6       0x7c ./Drivers/STM32H7xx_HAL_Driver/Src/stm32h7xx_hal_uart_ex.o
                0x08007da6                HAL_UARTEx_SetRxFifoThreshold
 *fill*         0x08007e22        0x2 
 .text.UARTEx_SetNbDataToProcess
                0x08007e24       0x9c ./Drivers/STM32H7xx_HAL_Driver/Src/stm32h7xx_hal_uart_ex.o
 .text.memset   0x08007ec0       0x10 C:/ST/STM32CubeIDE_1.9.0/STM32CubeIDE/plugins/com.st.stm32cube.ide.mcu.externaltools.gnu-tools-for-stm32.13.3.rel1.win32_1.0.0.202411081344/tools/bin/../lib/gcc/arm-none-eabi/13.3.1/../../../../arm-none-eabi/lib/thumb/v7e-m+dp/hard\libc_nano.a(libc_a-memset.o)
                0x08007ec0                memset
 .text.strstr   0x08007ed0       0x2c C:/ST/STM32CubeIDE_1.9.0/STM32CubeIDE/plugins/com.st.stm32cube.ide.mcu.externaltools.gnu-tools-for-stm32.13.3.rel1.win32_1.0.0.202411081344/tools/bin/../lib/gcc/arm-none-eabi/13.3.1/../../../../arm-none-eabi/lib/thumb/v7e-m+dp/hard\libc_nano.a(libc_a-strstr.o)
                0x08007ed0                strstr
 .text.__libc_init_array
                0x08007efc       0x48 C:/ST/STM32CubeIDE_1.9.0/STM32CubeIDE/plugins/com.st.stm32cube.ide.mcu.externaltools.gnu-tools-for-stm32.13.3.rel1.win32_1.0.0.202411081344/tools/bin/../lib/gcc/arm-none-eabi/13.3.1/../../../../arm-none-eabi/lib/thumb/v7e-m+dp/hard\libc_nano.a(libc_a-init.o)
                0x08007efc                __libc_init_array
 .text.memcpy   0x08007f44       0x1c C:/ST/STM32CubeIDE_1.9.0/STM32CubeIDE/plugins/com.st.stm32cube.ide.mcu.externaltools.gnu-tools-for-stm32.13.3.rel1.win32_1.0.0.202411081344/tools/bin/../lib/gcc/arm-none-eabi/13.3.1/../../../../arm-none-eabi/lib/thumb/v7e-m+dp/hard\libc_nano.a(libc_a-memcpy-stub.o)
                0x08007f44                memcpy
 *(.glue_7)
 .glue_7        0x08007f60        0x0 linker stubs
 *(.glue_7t)
 .glue_7t       0x08007f60        0x0 linker stubs
 *(.eh_frame)
 .eh_frame      0x08007f60        0x0 C:/ST/STM32CubeIDE_1.9.0/STM32CubeIDE/plugins/com.st.stm32cube.ide.mcu.externaltools.gnu-tools-for-stm32.13.3.rel1.win32_1.0.0.202411081344/tools/bin/../lib/gcc/arm-none-eabi/13.3.1/thumb/v7e-m+dp/hard/crtbegin.o
 *(.init)
 .init          0x08007f60        0x4 C:/ST/STM32CubeIDE_1.9.0/STM32CubeIDE/plugins/com.st.stm32cube.ide.mcu.externaltools.gnu-tools-for-stm32.13.3.rel1.win32_1.0.0.202411081344/tools/bin/../lib/gcc/arm-none-eabi/13.3.1/thumb/v7e-m+dp/hard/crti.o
                0x08007f60                _init
 .init          0x08007f64        0x8 C:/ST/STM32CubeIDE_1.9.0/STM32CubeIDE/plugins/com.st.stm32cube.ide.mcu.externaltools.gnu-tools-for-stm32.13.3.rel1.win32_1.0.0.202411081344/tools/bin/../lib/gcc/arm-none-eabi/13.3.1/thumb/v7e-m+dp/hard/crtn.o
 *(.fini)
 .fini          0x08007f6c        0x4 C:/ST/STM32CubeIDE_1.9.0/STM32CubeIDE/plugins/com.st.stm32cube.ide.mcu.externaltools.gnu-tools-for-stm32.13.3.rel1.win32_1.0.0.202411081344/tools/bin/../lib/gcc/arm-none-eabi/13.3.1/thumb/v7e-m+dp/hard/crti.o
                0x08007f6c                _fini
 .fini          0x08007f70        0x8 C:/ST/STM32CubeIDE_1.9.0/STM32CubeIDE/plugins/com.st.stm32cube.ide.mcu.externaltools.gnu-tools-for-stm32.13.3.rel1.win32_1.0.0.202411081344/tools/bin/../lib/gcc/arm-none-eabi/13.3.1/thumb/v7e-m+dp/hard/crtn.o
                0x08007f78                        . = ALIGN (0x4)
                0x08007f78                        _etext = .

.vfp11_veneer   0x08007f78        0x0
 .vfp11_veneer  0x08007f78        0x0 linker stubs

.v4_bx          0x08007f78        0x0
 .v4_bx         0x08007f78        0x0 linker stubs

.iplt           0x08007f78        0x0
 .iplt          0x08007f78        0x0 C:/ST/STM32CubeIDE_1.9.0/STM32CubeIDE/plugins/com.st.stm32cube.ide.mcu.externaltools.gnu-tools-for-stm32.13.3.rel1.win32_1.0.0.202411081344/tools/bin/../lib/gcc/arm-none-eabi/13.3.1/thumb/v7e-m+dp/hard/crtbegin.o

.rodata         0x08007f78       0xb4
                0x08007f78                        . = ALIGN (0x4)
 *(.rodata)
 .rodata        0x08007f78       0x79 ./Application/Src/EC_Manager.o
 *(.rodata*)
 *fill*         0x08007ff1        0x3 
 .rodata.D1CorePrescTable
                0x08007ff4       0x10 ./Core/Src/system_stm32h7xx.o
                0x08007ff4                D1CorePrescTable
 .rodata.UARTPrescTable
                0x08008004       0x18 ./Drivers/STM32H7xx_HAL_Driver/Src/stm32h7xx_hal_uart.o
                0x08008004                UARTPrescTable
 .rodata.numerator.1
                0x0800801c        0x8 ./Drivers/STM32H7xx_HAL_Driver/Src/stm32h7xx_hal_uart_ex.o
 .rodata.denominator.0
                0x08008024        0x8 ./Drivers/STM32H7xx_HAL_Driver/Src/stm32h7xx_hal_uart_ex.o
                0x0800802c                        . = ALIGN (0x4)

.ARM.extab
 *(.ARM.extab* .gnu.linkonce.armextab.*)

.ARM            0x0800802c        0x8
                0x0800802c                        __exidx_start = .
 *(.ARM.exidx*)
 .ARM.exidx     0x0800802c        0x8 C:/ST/STM32CubeIDE_1.9.0/STM32CubeIDE/plugins/com.st.stm32cube.ide.mcu.externaltools.gnu-tools-for-stm32.13.3.rel1.win32_1.0.0.202411081344/tools/bin/../lib/gcc/arm-none-eabi/13.3.1/../../../../arm-none-eabi/lib/thumb/v7e-m+dp/hard\libc_nano.a(libc_a-strlen.o)
 .ARM.exidx     0x08008034        0x0 C:/ST/STM32CubeIDE_1.9.0/STM32CubeIDE/plugins/com.st.stm32cube.ide.mcu.externaltools.gnu-tools-for-stm32.13.3.rel1.win32_1.0.0.202411081344/tools/bin/../lib/gcc/arm-none-eabi/13.3.1/thumb/v7e-m+dp/hard\libgcc.a(_udivmoddi4.o)
                                  0x8 (size before relaxing)
                0x08008034                        __exidx_end = .

.preinit_array  0x08008034        0x0
                0x08008034                        PROVIDE (__preinit_array_start = .)
 *(.preinit_array*)
                0x08008034                        PROVIDE (__preinit_array_end = .)

.init_array     0x08008034        0x4
                0x08008034                        PROVIDE (__init_array_start = .)
 *(SORT_BY_NAME(.init_array.*))
 *(.init_array*)
 .init_array    0x08008034        0x4 C:/ST/STM32CubeIDE_1.9.0/STM32CubeIDE/plugins/com.st.stm32cube.ide.mcu.externaltools.gnu-tools-for-stm32.13.3.rel1.win32_1.0.0.202411081344/tools/bin/../lib/gcc/arm-none-eabi/13.3.1/thumb/v7e-m+dp/hard/crtbegin.o
                0x08008038                        PROVIDE (__init_array_end = .)

.fini_array     0x08008038        0x4
                [!provide]                        PROVIDE (__fini_array_start = .)
 *(SORT_BY_NAME(.fini_array.*))
 *(.fini_array*)
 .fini_array    0x08008038        0x4 C:/ST/STM32CubeIDE_1.9.0/STM32CubeIDE/plugins/com.st.stm32cube.ide.mcu.externaltools.gnu-tools-for-stm32.13.3.rel1.win32_1.0.0.202411081344/tools/bin/../lib/gcc/arm-none-eabi/13.3.1/thumb/v7e-m+dp/hard/crtbegin.o
                [!provide]                        PROVIDE (__fini_array_end = .)
                0x0800803c                        _sidata = LOADADDR (.data)

.rel.dyn        0x0800803c        0x0
 .rel.iplt      0x0800803c        0x0 C:/ST/STM32CubeIDE_1.9.0/STM32CubeIDE/plugins/com.st.stm32cube.ide.mcu.externaltools.gnu-tools-for-stm32.13.3.rel1.win32_1.0.0.202411081344/tools/bin/../lib/gcc/arm-none-eabi/13.3.1/thumb/v7e-m+dp/hard/crtbegin.o

.data           0x24000000       0x48 load address 0x0800803c
                0x24000000                        . = ALIGN (0x4)
                0x24000000                        _sdata = .
 *(.data)
 *(.data*)
 .data.Request_Commands
                0x24000000       0x1c ./Application/Src/EC_Manager.o
                0x24000000                Request_Commands
 .data.Response_Commands
                0x2400001c       0x1c ./Application/Src/EC_Manager.o
                0x2400001c                Response_Commands
 .data.SystemCoreClock
                0x24000038        0x4 ./Core/Src/system_stm32h7xx.o
                0x24000038                SystemCoreClock
 .data.SystemD2Clock
                0x2400003c        0x4 ./Core/Src/system_stm32h7xx.o
                0x2400003c                SystemD2Clock
 .data.uwTickPrio
                0x24000040        0x4 ./Drivers/STM32H7xx_HAL_Driver/Src/stm32h7xx_hal.o
                0x24000040                uwTickPrio
 .data.uwTickFreq
                0x24000044        0x1 ./Drivers/STM32H7xx_HAL_Driver/Src/stm32h7xx_hal.o
                0x24000044                uwTickFreq
 *(.RamFunc)
 *(.RamFunc*)
                0x24000048                        . = ALIGN (0x4)
 *fill*         0x24000045        0x3 
                0x24000048                        _edata = .

.igot.plt       0x24000048        0x0 load address 0x08008084
 .igot.plt      0x24000048        0x0 C:/ST/STM32CubeIDE_1.9.0/STM32CubeIDE/plugins/com.st.stm32cube.ide.mcu.externaltools.gnu-tools-for-stm32.13.3.rel1.win32_1.0.0.202411081344/tools/bin/../lib/gcc/arm-none-eabi/13.3.1/thumb/v7e-m+dp/hard/crtbegin.o
                0x24000048                        . = ALIGN (0x4)

.bss            0x24000048      0x244 load address 0x08008084
                0x24000048                        _sbss = .
                0x24000048                        __bss_start__ = _sbss
 *(.bss)
 .bss           0x24000048       0x1c C:/ST/STM32CubeIDE_1.9.0/STM32CubeIDE/plugins/com.st.stm32cube.ide.mcu.externaltools.gnu-tools-for-stm32.13.3.rel1.win32_1.0.0.202411081344/tools/bin/../lib/gcc/arm-none-eabi/13.3.1/thumb/v7e-m+dp/hard/crtbegin.o
 *(.bss*)
 .bss.Response  0x24000064       0x64 ./Application/Src/EC_Comm.o
                0x24000064                Response
 .bss.Response_index
                0x240000c8        0x1 ./Application/Src/EC_Comm.o
                0x240000c8                Response_index
 .bss.Response_Acknowledged
                0x240000c9        0x1 ./Application/Src/EC_Comm.o
                0x240000c9                Response_Acknowledged
 .bss.Response_Timer
                0x240000ca        0x1 ./Application/Src/EC_Comm.o
                0x240000ca                Response_Timer
 *fill*         0x240000cb        0x1 
 .bss.Txdata    0x240000cc       0x64 ./Application/Src/EC_Comm.o
                0x240000cc                Txdata
 .bss.Command_Stat
                0x24000130        0x1 ./Application/Src/EC_Manager.o
                0x24000130                Command_Stat
 .bss.sent_command
                0x24000131        0x1 ./Application/Src/EC_Manager.o
                0x24000131                sent_command
 .bss.Retry     0x24000132        0x1 ./Application/Src/EC_Manager.o
                0x24000132                Retry
 .bss.Iscommandpass
                0x24000133        0x1 ./Application/Src/EC_Manager.o
                0x24000133                Iscommandpass
 .bss.buff      0x24000134       0x64 ./Application/Src/EC_Manager.o
                0x24000134                buff
 .bss.Response_Character
                0x24000198        0x4 ./Application/Src/EC_Manager.o
                0x24000198                Response_Character
 .bss.Response_Index
                0x2400019c        0x1 ./Application/Src/EC_Manager.o
                0x2400019c                Response_Index
 .bss.Isgsmmoduleactivated
                0x2400019d        0x1 ./Application/Src/EC_Manager.o
                0x2400019d                Isgsmmoduleactivated
 .bss.Timer_Delay.1
                0x2400019e        0x2 ./Application/Src/EC_Manager.o
 .bss.Timer_Delay.0
                0x240001a0        0x2 ./Application/Src/EC_Manager.o
 *fill*         0x240001a2        0x2 
 .bss.htim14    0x240001a4       0x4c ./Core/Src/main.o
                0x240001a4                htim14
 .bss.huart2    0x240001f0       0x94 ./Core/Src/main.o
                0x240001f0                huart2
 .bss.byte      0x24000284        0x1 ./Core/Src/main.o
                0x24000284                byte
 *fill*         0x24000285        0x3 
 .bss.uwTick    0x24000288        0x4 ./Drivers/STM32H7xx_HAL_Driver/Src/stm32h7xx_hal.o
                0x24000288                uwTick
 *(COMMON)
                0x2400028c                        . = ALIGN (0x4)
                0x2400028c                        _ebss = .
                0x2400028c                        __bss_end__ = _ebss

._user_heap_stack
                0x2400028c      0x604 load address 0x08008084
                0x24000290                        . = ALIGN (0x8)
 *fill*         0x2400028c        0x4 
                [!provide]                        PROVIDE (end = .)
                0x24000290                        PROVIDE (_end = .)
                0x24000490                        . = (. + _Min_Heap_Size)
 *fill*         0x24000290      0x200 
                0x24000890                        . = (. + _Min_Stack_Size)
 *fill*         0x24000490      0x400 
                0x24000890                        . = ALIGN (0x8)

/DISCARD/
 libc.a(*)
 libm.a(*)
 libgcc.a(*)

.ARM.attributes
                0x00000000       0x2e
 *(.ARM.attributes)
 .ARM.attributes
                0x00000000       0x20 C:/ST/STM32CubeIDE_1.9.0/STM32CubeIDE/plugins/com.st.stm32cube.ide.mcu.externaltools.gnu-tools-for-stm32.13.3.rel1.win32_1.0.0.202411081344/tools/bin/../lib/gcc/arm-none-eabi/13.3.1/thumb/v7e-m+dp/hard/crti.o
 .ARM.attributes
                0x00000020       0x32 C:/ST/STM32CubeIDE_1.9.0/STM32CubeIDE/plugins/com.st.stm32cube.ide.mcu.externaltools.gnu-tools-for-stm32.13.3.rel1.win32_1.0.0.202411081344/tools/bin/../lib/gcc/arm-none-eabi/13.3.1/thumb/v7e-m+dp/hard/crtbegin.o
 .ARM.attributes
                0x00000052       0x32 ./Application/Src/EC_Api.o
 .ARM.attributes
                0x00000084       0x32 ./Application/Src/EC_Comm.o
 .ARM.attributes
                0x000000b6       0x32 ./Application/Src/EC_Manager.o
 .ARM.attributes
                0x000000e8       0x32 ./Core/Src/main.o
 .ARM.attributes
                0x0000011a       0x32 ./Core/Src/stm32h7xx_hal_msp.o
 .ARM.attributes
                0x0000014c       0x32 ./Core/Src/stm32h7xx_it.o
 .ARM.attributes
                0x0000017e       0x32 ./Core/Src/system_stm32h7xx.o
 .ARM.attributes
                0x000001b0       0x21 ./Core/Startup/startup_stm32h753zitx.o
 .ARM.attributes
                0x000001d1       0x32 ./Drivers/STM32H7xx_HAL_Driver/Src/stm32h7xx_hal.o
 .ARM.attributes
                0x00000203       0x32 ./Drivers/STM32H7xx_HAL_Driver/Src/stm32h7xx_hal_cortex.o
 .ARM.attributes
                0x00000235       0x32 ./Drivers/STM32H7xx_HAL_Driver/Src/stm32h7xx_hal_dma.o
 .ARM.attributes
                0x00000267       0x32 ./Drivers/STM32H7xx_HAL_Driver/Src/stm32h7xx_hal_gpio.o
 .ARM.attributes
                0x00000299       0x32 ./Drivers/STM32H7xx_HAL_Driver/Src/stm32h7xx_hal_pwr_ex.o
 .ARM.attributes
                0x000002cb       0x32 ./Drivers/STM32H7xx_HAL_Driver/Src/stm32h7xx_hal_rcc.o
 .ARM.attributes
                0x000002fd       0x32 ./Drivers/STM32H7xx_HAL_Driver/Src/stm32h7xx_hal_rcc_ex.o
 .ARM.attributes
                0x0000032f       0x32 ./Drivers/STM32H7xx_HAL_Driver/Src/stm32h7xx_hal_tim.o
 .ARM.attributes
                0x00000361       0x32 ./Drivers/STM32H7xx_HAL_Driver/Src/stm32h7xx_hal_tim_ex.o
 .ARM.attributes
                0x00000393       0x32 ./Drivers/STM32H7xx_HAL_Driver/Src/stm32h7xx_hal_uart.o
 .ARM.attributes
                0x000003c5       0x32 ./Drivers/STM32H7xx_HAL_Driver/Src/stm32h7xx_hal_uart_ex.o
 .ARM.attributes
                0x000003f7       0x32 C:/ST/STM32CubeIDE_1.9.0/STM32CubeIDE/plugins/com.st.stm32cube.ide.mcu.externaltools.gnu-tools-for-stm32.13.3.rel1.win32_1.0.0.202411081344/tools/bin/../lib/gcc/arm-none-eabi/13.3.1/../../../../arm-none-eabi/lib/thumb/v7e-m+dp/hard\libc_nano.a(libc_a-memset.o)
 .ARM.attributes
                0x00000429       0x32 C:/ST/STM32CubeIDE_1.9.0/STM32CubeIDE/plugins/com.st.stm32cube.ide.mcu.externaltools.gnu-tools-for-stm32.13.3.rel1.win32_1.0.0.202411081344/tools/bin/../lib/gcc/arm-none-eabi/13.3.1/../../../../arm-none-eabi/lib/thumb/v7e-m+dp/hard\libc_nano.a(libc_a-strstr.o)
 .ARM.attributes
                0x0000045b       0x32 C:/ST/STM32CubeIDE_1.9.0/STM32CubeIDE/plugins/com.st.stm32cube.ide.mcu.externaltools.gnu-tools-for-stm32.13.3.rel1.win32_1.0.0.202411081344/tools/bin/../lib/gcc/arm-none-eabi/13.3.1/../../../../arm-none-eabi/lib/thumb/v7e-m+dp/hard\libc_nano.a(libc_a-init.o)
 .ARM.attributes
                0x0000048d       0x32 C:/ST/STM32CubeIDE_1.9.0/STM32CubeIDE/plugins/com.st.stm32cube.ide.mcu.externaltools.gnu-tools-for-stm32.13.3.rel1.win32_1.0.0.202411081344/tools/bin/../lib/gcc/arm-none-eabi/13.3.1/../../../../arm-none-eabi/lib/thumb/v7e-m+dp/hard\libc_nano.a(libc_a-memcpy-stub.o)
 .ARM.attributes
                0x000004bf       0x17 C:/ST/STM32CubeIDE_1.9.0/STM32CubeIDE/plugins/com.st.stm32cube.ide.mcu.externaltools.gnu-tools-for-stm32.13.3.rel1.win32_1.0.0.202411081344/tools/bin/../lib/gcc/arm-none-eabi/13.3.1/../../../../arm-none-eabi/lib/thumb/v7e-m+dp/hard\libc_nano.a(libc_a-strlen.o)
 .ARM.attributes
                0x000004d6       0x20 C:/ST/STM32CubeIDE_1.9.0/STM32CubeIDE/plugins/com.st.stm32cube.ide.mcu.externaltools.gnu-tools-for-stm32.13.3.rel1.win32_1.0.0.202411081344/tools/bin/../lib/gcc/arm-none-eabi/13.3.1/thumb/v7e-m+dp/hard\libgcc.a(_aeabi_uldivmod.o)
 .ARM.attributes
                0x000004f6       0x32 C:/ST/STM32CubeIDE_1.9.0/STM32CubeIDE/plugins/com.st.stm32cube.ide.mcu.externaltools.gnu-tools-for-stm32.13.3.rel1.win32_1.0.0.202411081344/tools/bin/../lib/gcc/arm-none-eabi/13.3.1/thumb/v7e-m+dp/hard\libgcc.a(_udivmoddi4.o)
 .ARM.attributes
                0x00000528       0x20 C:/ST/STM32CubeIDE_1.9.0/STM32CubeIDE/plugins/com.st.stm32cube.ide.mcu.externaltools.gnu-tools-for-stm32.13.3.rel1.win32_1.0.0.202411081344/tools/bin/../lib/gcc/arm-none-eabi/13.3.1/thumb/v7e-m+dp/hard\libgcc.a(_dvmd_tls.o)
 .ARM.attributes
                0x00000548       0x20 C:/ST/STM32CubeIDE_1.9.0/STM32CubeIDE/plugins/com.st.stm32cube.ide.mcu.externaltools.gnu-tools-for-stm32.13.3.rel1.win32_1.0.0.202411081344/tools/bin/../lib/gcc/arm-none-eabi/13.3.1/thumb/v7e-m+dp/hard/crtn.o
OUTPUT(GSM_EC200U.elf elf32-littlearm)
LOAD linker stubs
LOAD C:/ST/STM32CubeIDE_1.9.0/STM32CubeIDE/plugins/com.st.stm32cube.ide.mcu.externaltools.gnu-tools-for-stm32.13.3.rel1.win32_1.0.0.202411081344/tools/bin/../lib/gcc/arm-none-eabi/13.3.1/../../../../arm-none-eabi/lib/thumb/v7e-m+dp/hard\libc.a
LOAD C:/ST/STM32CubeIDE_1.9.0/STM32CubeIDE/plugins/com.st.stm32cube.ide.mcu.externaltools.gnu-tools-for-stm32.13.3.rel1.win32_1.0.0.202411081344/tools/bin/../lib/gcc/arm-none-eabi/13.3.1/../../../../arm-none-eabi/lib/thumb/v7e-m+dp/hard\libm.a
LOAD C:/ST/STM32CubeIDE_1.9.0/STM32CubeIDE/plugins/com.st.stm32cube.ide.mcu.externaltools.gnu-tools-for-stm32.13.3.rel1.win32_1.0.0.202411081344/tools/bin/../lib/gcc/arm-none-eabi/13.3.1/thumb/v7e-m+dp/hard\libgcc.a

.debug_info     0x00000000    0x1692a
 .debug_info    0x00000000       0x3d ./Application/Src/EC_Api.o
 .debug_info    0x0000003d      0xd10 ./Application/Src/EC_Comm.o
 .debug_info    0x00000d4d      0x41c ./Application/Src/EC_Manager.o
 .debug_info    0x00001169     0x1808 ./Core/Src/main.o
 .debug_info    0x00002971     0x183e ./Core/Src/stm32h7xx_hal_msp.o
 .debug_info    0x000041af      0xc00 ./Core/Src/stm32h7xx_it.o
 .debug_info    0x00004daf      0xdb2 ./Core/Src/system_stm32h7xx.o
 .debug_info    0x00005b61       0x30 ./Core/Startup/startup_stm32h753zitx.o
 .debug_info    0x00005b91     0x1541 ./Drivers/STM32H7xx_HAL_Driver/Src/stm32h7xx_hal.o
 .debug_info    0x000070d2     0x10b7 ./Drivers/STM32H7xx_HAL_Driver/Src/stm32h7xx_hal_cortex.o
 .debug_info    0x00008189      0xc31 ./Drivers/STM32H7xx_HAL_Driver/Src/stm32h7xx_hal_dma.o
 .debug_info    0x00008dba      0xc5a ./Drivers/STM32H7xx_HAL_Driver/Src/stm32h7xx_hal_gpio.o
 .debug_info    0x00009a14     0x1012 ./Drivers/STM32H7xx_HAL_Driver/Src/stm32h7xx_hal_pwr_ex.o
 .debug_info    0x0000aa26      0xe6a ./Drivers/STM32H7xx_HAL_Driver/Src/stm32h7xx_hal_rcc.o
 .debug_info    0x0000b890     0x1225 ./Drivers/STM32H7xx_HAL_Driver/Src/stm32h7xx_hal_rcc_ex.o
 .debug_info    0x0000cab5     0x2bae ./Drivers/STM32H7xx_HAL_Driver/Src/stm32h7xx_hal_tim.o
 .debug_info    0x0000f663     0x17eb ./Drivers/STM32H7xx_HAL_Driver/Src/stm32h7xx_hal_tim_ex.o
 .debug_info    0x00010e4e     0x4b1d ./Drivers/STM32H7xx_HAL_Driver/Src/stm32h7xx_hal_uart.o
 .debug_info    0x0001596b      0xfbf ./Drivers/STM32H7xx_HAL_Driver/Src/stm32h7xx_hal_uart_ex.o

.debug_abbrev   0x00000000     0x292b
 .debug_abbrev  0x00000000       0x2f ./Application/Src/EC_Api.o
 .debug_abbrev  0x0000002f      0x1ec ./Application/Src/EC_Comm.o
 .debug_abbrev  0x0000021b      0x1df ./Application/Src/EC_Manager.o
 .debug_abbrev  0x000003fa      0x2f3 ./Core/Src/main.o
 .debug_abbrev  0x000006ed      0x222 ./Core/Src/stm32h7xx_hal_msp.o
 .debug_abbrev  0x0000090f      0x19a ./Core/Src/stm32h7xx_it.o
 .debug_abbrev  0x00000aa9      0x165 ./Core/Src/system_stm32h7xx.o
 .debug_abbrev  0x00000c0e       0x24 ./Core/Startup/startup_stm32h753zitx.o
 .debug_abbrev  0x00000c32      0x295 ./Drivers/STM32H7xx_HAL_Driver/Src/stm32h7xx_hal.o
 .debug_abbrev  0x00000ec7      0x339 ./Drivers/STM32H7xx_HAL_Driver/Src/stm32h7xx_hal_cortex.o
 .debug_abbrev  0x00001200      0x248 ./Drivers/STM32H7xx_HAL_Driver/Src/stm32h7xx_hal_dma.o
 .debug_abbrev  0x00001448      0x205 ./Drivers/STM32H7xx_HAL_Driver/Src/stm32h7xx_hal_gpio.o
 .debug_abbrev  0x0000164d      0x2a7 ./Drivers/STM32H7xx_HAL_Driver/Src/stm32h7xx_hal_pwr_ex.o
 .debug_abbrev  0x000018f4      0x2c8 ./Drivers/STM32H7xx_HAL_Driver/Src/stm32h7xx_hal_rcc.o
 .debug_abbrev  0x00001bbc      0x269 ./Drivers/STM32H7xx_HAL_Driver/Src/stm32h7xx_hal_rcc_ex.o
 .debug_abbrev  0x00001e25      0x276 ./Drivers/STM32H7xx_HAL_Driver/Src/stm32h7xx_hal_tim.o
 .debug_abbrev  0x0000209b      0x281 ./Drivers/STM32H7xx_HAL_Driver/Src/stm32h7xx_hal_tim_ex.o
 .debug_abbrev  0x0000231c      0x33d ./Drivers/STM32H7xx_HAL_Driver/Src/stm32h7xx_hal_uart.o
 .debug_abbrev  0x00002659      0x2d2 ./Drivers/STM32H7xx_HAL_Driver/Src/stm32h7xx_hal_uart_ex.o

.debug_aranges  0x00000000     0x10c0
 .debug_aranges
                0x00000000       0x20 ./Application/Src/EC_Api.o
 .debug_aranges
                0x00000020       0x30 ./Application/Src/EC_Comm.o
 .debug_aranges
                0x00000050       0x28 ./Application/Src/EC_Manager.o
 .debug_aranges
                0x00000078       0x50 ./Core/Src/main.o
 .debug_aranges
                0x000000c8       0x40 ./Core/Src/stm32h7xx_hal_msp.o
 .debug_aranges
                0x00000108       0x70 ./Core/Src/stm32h7xx_it.o
 .debug_aranges
                0x00000178       0x30 ./Core/Src/system_stm32h7xx.o
 .debug_aranges
                0x000001a8       0x28 ./Core/Startup/startup_stm32h753zitx.o
 .debug_aranges
                0x000001d0      0x198 ./Drivers/STM32H7xx_HAL_Driver/Src/stm32h7xx_hal.o
 .debug_aranges
                0x00000368      0x130 ./Drivers/STM32H7xx_HAL_Driver/Src/stm32h7xx_hal_cortex.o
 .debug_aranges
                0x00000498       0xa0 ./Drivers/STM32H7xx_HAL_Driver/Src/stm32h7xx_hal_dma.o
 .debug_aranges
                0x00000538       0x58 ./Drivers/STM32H7xx_HAL_Driver/Src/stm32h7xx_hal_gpio.o
 .debug_aranges
                0x00000590      0x158 ./Drivers/STM32H7xx_HAL_Driver/Src/stm32h7xx_hal_pwr_ex.o
 .debug_aranges
                0x000006e8       0x88 ./Drivers/STM32H7xx_HAL_Driver/Src/stm32h7xx_hal_rcc.o
 .debug_aranges
                0x00000770       0xf8 ./Drivers/STM32H7xx_HAL_Driver/Src/stm32h7xx_hal_rcc_ex.o
 .debug_aranges
                0x00000868      0x3e0 ./Drivers/STM32H7xx_HAL_Driver/Src/stm32h7xx_hal_tim.o
 .debug_aranges
                0x00000c48      0x188 ./Drivers/STM32H7xx_HAL_Driver/Src/stm32h7xx_hal_tim_ex.o
 .debug_aranges
                0x00000dd0      0x248 ./Drivers/STM32H7xx_HAL_Driver/Src/stm32h7xx_hal_uart.o
 .debug_aranges
                0x00001018       0xa8 ./Drivers/STM32H7xx_HAL_Driver/Src/stm32h7xx_hal_uart_ex.o

.debug_rnglists
                0x00000000      0xd19
 .debug_rnglists
                0x00000000       0x13 ./Application/Src/EC_Api.o
 .debug_rnglists
                0x00000013       0x1f ./Application/Src/EC_Comm.o
 .debug_rnglists
                0x00000032       0x1b ./Application/Src/EC_Manager.o
 .debug_rnglists
                0x0000004d       0x3a ./Core/Src/main.o
 .debug_rnglists
                0x00000087       0x2c ./Core/Src/stm32h7xx_hal_msp.o
 .debug_rnglists
                0x000000b3       0x4f ./Core/Src/stm32h7xx_it.o
 .debug_rnglists
                0x00000102       0x21 ./Core/Src/system_stm32h7xx.o
 .debug_rnglists
                0x00000123       0x19 ./Core/Startup/startup_stm32h753zitx.o
 .debug_rnglists
                0x0000013c      0x131 ./Drivers/STM32H7xx_HAL_Driver/Src/stm32h7xx_hal.o
 .debug_rnglists
                0x0000026d       0xe0 ./Drivers/STM32H7xx_HAL_Driver/Src/stm32h7xx_hal_cortex.o
 .debug_rnglists
                0x0000034d       0x82 ./Drivers/STM32H7xx_HAL_Driver/Src/stm32h7xx_hal_dma.o
 .debug_rnglists
                0x000003cf       0x3f ./Drivers/STM32H7xx_HAL_Driver/Src/stm32h7xx_hal_gpio.o
 .debug_rnglists
                0x0000040e      0x103 ./Drivers/STM32H7xx_HAL_Driver/Src/stm32h7xx_hal_pwr_ex.o
 .debug_rnglists
                0x00000511       0x68 ./Drivers/STM32H7xx_HAL_Driver/Src/stm32h7xx_hal_rcc.o
 .debug_rnglists
                0x00000579       0xc0 ./Drivers/STM32H7xx_HAL_Driver/Src/stm32h7xx_hal_rcc_ex.o
 .debug_rnglists
                0x00000639      0x328 ./Drivers/STM32H7xx_HAL_Driver/Src/stm32h7xx_hal_tim.o
 .debug_rnglists
                0x00000961      0x13f ./Drivers/STM32H7xx_HAL_Driver/Src/stm32h7xx_hal_tim_ex.o
 .debug_rnglists
                0x00000aa0      0x1fa ./Drivers/STM32H7xx_HAL_Driver/Src/stm32h7xx_hal_uart.o
 .debug_rnglists
                0x00000c9a       0x7f ./Drivers/STM32H7xx_HAL_Driver/Src/stm32h7xx_hal_uart_ex.o

.debug_macro    0x00000000    0x38067
 .debug_macro   0x00000000       0x11 ./Application/Src/EC_Api.o
 .debug_macro   0x00000011      0xaf6 ./Application/Src/EC_Api.o
 .debug_macro   0x00000b07      0x36c ./Application/Src/EC_Comm.o
 .debug_macro   0x00000e73      0x238 ./Application/Src/EC_Comm.o
 .debug_macro   0x000010ab       0x2e ./Application/Src/EC_Comm.o
 .debug_macro   0x000010d9       0x3b ./Application/Src/EC_Comm.o
 .debug_macro   0x00001114       0x22 ./Application/Src/EC_Comm.o
 .debug_macro   0x00001136       0x8e ./Application/Src/EC_Comm.o
 .debug_macro   0x000011c4       0x51 ./Application/Src/EC_Comm.o
 .debug_macro   0x00001215      0x103 ./Application/Src/EC_Comm.o
 .debug_macro   0x00001318       0x6a ./Application/Src/EC_Comm.o
 .debug_macro   0x00001382      0x1df ./Application/Src/EC_Comm.o
 .debug_macro   0x00001561       0x1c ./Application/Src/EC_Comm.o
 .debug_macro   0x0000157d       0x22 ./Application/Src/EC_Comm.o
 .debug_macro   0x0000159f       0xfb ./Application/Src/EC_Comm.o
 .debug_macro   0x0000169a     0x1305 ./Application/Src/EC_Comm.o
 .debug_macro   0x0000299f      0x11f ./Application/Src/EC_Comm.o
 .debug_macro   0x00002abe       0x27 ./Application/Src/EC_Comm.o
 .debug_macro   0x00002ae5    0x261cc ./Application/Src/EC_Comm.o
 .debug_macro   0x00028cb1       0x6d ./Application/Src/EC_Comm.o
 .debug_macro   0x00028d1e     0x3d79 ./Application/Src/EC_Comm.o
 .debug_macro   0x0002ca97      0x190 ./Application/Src/EC_Comm.o
 .debug_macro   0x0002cc27       0x61 ./Application/Src/EC_Comm.o
 .debug_macro   0x0002cc88       0x29 ./Application/Src/EC_Comm.o
 .debug_macro   0x0002ccb1       0x43 ./Application/Src/EC_Comm.o
 .debug_macro   0x0002ccf4       0x34 ./Application/Src/EC_Comm.o
 .debug_macro   0x0002cd28      0x370 ./Application/Src/EC_Comm.o
 .debug_macro   0x0002d098       0x16 ./Application/Src/EC_Comm.o
 .debug_macro   0x0002d0ae       0x4a ./Application/Src/EC_Comm.o
 .debug_macro   0x0002d0f8       0x34 ./Application/Src/EC_Comm.o
 .debug_macro   0x0002d12c       0x10 ./Application/Src/EC_Comm.o
 .debug_macro   0x0002d13c       0x58 ./Application/Src/EC_Comm.o
 .debug_macro   0x0002d194       0x8e ./Application/Src/EC_Comm.o
 .debug_macro   0x0002d222       0x1c ./Application/Src/EC_Comm.o
 .debug_macro   0x0002d23e      0x185 ./Application/Src/EC_Comm.o
 .debug_macro   0x0002d3c3      0x19b ./Application/Src/EC_Comm.o
 .debug_macro   0x0002d55e       0x5d ./Application/Src/EC_Comm.o
 .debug_macro   0x0002d5bb     0x240e ./Application/Src/EC_Comm.o
 .debug_macro   0x0002f9c9     0x102c ./Application/Src/EC_Comm.o
 .debug_macro   0x000309f5      0x154 ./Application/Src/EC_Comm.o
 .debug_macro   0x00030b49      0x114 ./Application/Src/EC_Comm.o
 .debug_macro   0x00030c5d      0x3b6 ./Application/Src/EC_Comm.o
 .debug_macro   0x00031013       0xac ./Application/Src/EC_Comm.o
 .debug_macro   0x000310bf      0x72d ./Application/Src/EC_Comm.o
 .debug_macro   0x000317ec      0x228 ./Application/Src/EC_Comm.o
 .debug_macro   0x00031a14       0x66 ./Application/Src/EC_Comm.o
 .debug_macro   0x00031a7a      0x3bb ./Application/Src/EC_Comm.o
 .debug_macro   0x00031e35      0x3e4 ./Application/Src/EC_Comm.o
 .debug_macro   0x00032219      0x275 ./Application/Src/EC_Comm.o
 .debug_macro   0x0003248e      0x3ca ./Application/Src/EC_Comm.o
 .debug_macro   0x00032858      0x408 ./Application/Src/EC_Comm.o
 .debug_macro   0x00032c60       0x51 ./Application/Src/EC_Comm.o
 .debug_macro   0x00032cb1       0x4a ./Application/Src/EC_Comm.o
 .debug_macro   0x00032cfb      0x22c ./Application/Src/EC_Comm.o
 .debug_macro   0x00032f27       0x67 ./Application/Src/EC_Comm.o
 .debug_macro   0x00032f8e       0xa5 ./Application/Src/EC_Comm.o
 .debug_macro   0x00033033      0x1c4 ./Application/Src/EC_Comm.o
 .debug_macro   0x000331f7      0x25e ./Application/Src/EC_Comm.o
 .debug_macro   0x00033455       0x35 ./Application/Src/EC_Comm.o
 .debug_macro   0x0003348a      0xafa ./Application/Src/EC_Comm.o
 .debug_macro   0x00033f84      0x29f ./Application/Src/EC_Comm.o
 .debug_macro   0x00034223      0x693 ./Application/Src/EC_Comm.o
 .debug_macro   0x000348b6       0xa6 ./Application/Src/EC_Comm.o
 .debug_macro   0x0003495c      0x5ac ./Application/Src/EC_Comm.o
 .debug_macro   0x00034f08       0x1c ./Application/Src/EC_Comm.o
 .debug_macro   0x00034f24       0x3c ./Application/Src/EC_Comm.o
 .debug_macro   0x00034f60       0x10 ./Application/Src/EC_Comm.o
 .debug_macro   0x00034f70       0x1c ./Application/Src/EC_Comm.o
 .debug_macro   0x00034f8c       0x16 ./Application/Src/EC_Comm.o
 .debug_macro   0x00034fa2      0x146 ./Application/Src/EC_Comm.o
 .debug_macro   0x000350e8       0x16 ./Application/Src/EC_Comm.o
 .debug_macro   0x000350fe       0x20 ./Application/Src/EC_Comm.o
 .debug_macro   0x0003511e       0x16 ./Application/Src/EC_Comm.o
 .debug_macro   0x00035134       0x16 ./Application/Src/EC_Comm.o
 .debug_macro   0x0003514a       0x29 ./Application/Src/EC_Comm.o
 .debug_macro   0x00035173       0x4c ./Application/Src/EC_Comm.o
 .debug_macro   0x000351bf       0x10 ./Application/Src/EC_Comm.o
 .debug_macro   0x000351cf      0x36c ./Application/Src/EC_Manager.o
 .debug_macro   0x0003553b      0x36c ./Core/Src/main.o
 .debug_macro   0x000358a7      0x34f ./Core/Src/stm32h7xx_hal_msp.o
 .debug_macro   0x00035bf6      0x359 ./Core/Src/stm32h7xx_it.o
 .debug_macro   0x00035f4f      0x2a8 ./Core/Src/system_stm32h7xx.o
 .debug_macro   0x000361f7      0x2d2 ./Drivers/STM32H7xx_HAL_Driver/Src/stm32h7xx_hal.o
 .debug_macro   0x000364c9      0x2a8 ./Drivers/STM32H7xx_HAL_Driver/Src/stm32h7xx_hal_cortex.o
 .debug_macro   0x00036771      0x2fc ./Drivers/STM32H7xx_HAL_Driver/Src/stm32h7xx_hal_dma.o
 .debug_macro   0x00036a6d      0x2af ./Drivers/STM32H7xx_HAL_Driver/Src/stm32h7xx_hal_gpio.o
 .debug_macro   0x00036d1c      0x2e1 ./Drivers/STM32H7xx_HAL_Driver/Src/stm32h7xx_hal_pwr_ex.o
 .debug_macro   0x00036ffd      0x2cc ./Drivers/STM32H7xx_HAL_Driver/Src/stm32h7xx_hal_rcc.o
 .debug_macro   0x000372c9      0x2c6 ./Drivers/STM32H7xx_HAL_Driver/Src/stm32h7xx_hal_rcc_ex.o
 .debug_macro   0x0003758f      0x2a9 ./Drivers/STM32H7xx_HAL_Driver/Src/stm32h7xx_hal_tim.o
 .debug_macro   0x00037838      0x2a8 ./Drivers/STM32H7xx_HAL_Driver/Src/stm32h7xx_hal_tim_ex.o
 .debug_macro   0x00037ae0      0x2d3 ./Drivers/STM32H7xx_HAL_Driver/Src/stm32h7xx_hal_uart.o
 .debug_macro   0x00037db3      0x2b4 ./Drivers/STM32H7xx_HAL_Driver/Src/stm32h7xx_hal_uart_ex.o

.debug_line     0x00000000    0x17b8c
 .debug_line    0x00000000       0x4c ./Application/Src/EC_Api.o
 .debug_line    0x0000004c      0x9ef ./Application/Src/EC_Comm.o
 .debug_line    0x00000a3b      0xb4e ./Application/Src/EC_Manager.o
 .debug_line    0x00001589      0xb21 ./Core/Src/main.o
 .debug_line    0x000020aa      0x9ef ./Core/Src/stm32h7xx_hal_msp.o
 .debug_line    0x00002a99      0xa2c ./Core/Src/stm32h7xx_it.o
 .debug_line    0x000034c5      0xad4 ./Core/Src/system_stm32h7xx.o
 .debug_line    0x00003f99       0x7b ./Core/Startup/startup_stm32h753zitx.o
 .debug_line    0x00004014      0xead ./Drivers/STM32H7xx_HAL_Driver/Src/stm32h7xx_hal.o
 .debug_line    0x00004ec1      0xe97 ./Drivers/STM32H7xx_HAL_Driver/Src/stm32h7xx_hal_cortex.o
 .debug_line    0x00005d58     0x282e ./Drivers/STM32H7xx_HAL_Driver/Src/stm32h7xx_hal_dma.o
 .debug_line    0x00008586      0xd36 ./Drivers/STM32H7xx_HAL_Driver/Src/stm32h7xx_hal_gpio.o
 .debug_line    0x000092bc     0x1031 ./Drivers/STM32H7xx_HAL_Driver/Src/stm32h7xx_hal_pwr_ex.o
 .debug_line    0x0000a2ed     0x1554 ./Drivers/STM32H7xx_HAL_Driver/Src/stm32h7xx_hal_rcc.o
 .debug_line    0x0000b841     0x1e60 ./Drivers/STM32H7xx_HAL_Driver/Src/stm32h7xx_hal_rcc_ex.o
 .debug_line    0x0000d6a1     0x4001 ./Drivers/STM32H7xx_HAL_Driver/Src/stm32h7xx_hal_tim.o
 .debug_line    0x000116a2     0x1d73 ./Drivers/STM32H7xx_HAL_Driver/Src/stm32h7xx_hal_tim_ex.o
 .debug_line    0x00013415     0x3934 ./Drivers/STM32H7xx_HAL_Driver/Src/stm32h7xx_hal_uart.o
 .debug_line    0x00016d49      0xe43 ./Drivers/STM32H7xx_HAL_Driver/Src/stm32h7xx_hal_uart_ex.o

.debug_str      0x00000000   0x165fb0
 .debug_str     0x00000000   0x165fb0 ./Application/Src/EC_Api.o
                               0x2edd (size before relaxing)
 .debug_str     0x00165fb0   0x1608c5 ./Application/Src/EC_Comm.o
 .debug_str     0x00165fb0   0x1600e8 ./Application/Src/EC_Manager.o
 .debug_str     0x00165fb0   0x160ee1 ./Core/Src/main.o
 .debug_str     0x00165fb0   0x16168f ./Core/Src/stm32h7xx_hal_msp.o
 .debug_str     0x00165fb0   0x160860 ./Core/Src/stm32h7xx_it.o
 .debug_str     0x00165fb0   0x15fae6 ./Core/Src/system_stm32h7xx.o
 .debug_str     0x00165fb0       0x6f ./Core/Startup/startup_stm32h753zitx.o
 .debug_str     0x00165fb0   0x1609cc ./Drivers/STM32H7xx_HAL_Driver/Src/stm32h7xx_hal.o
 .debug_str     0x00165fb0   0x160407 ./Drivers/STM32H7xx_HAL_Driver/Src/stm32h7xx_hal_cortex.o
 .debug_str     0x00165fb0   0x1601e1 ./Drivers/STM32H7xx_HAL_Driver/Src/stm32h7xx_hal_dma.o
 .debug_str     0x00165fb0   0x15fa5e ./Drivers/STM32H7xx_HAL_Driver/Src/stm32h7xx_hal_gpio.o
 .debug_str     0x00165fb0   0x15ff1f ./Drivers/STM32H7xx_HAL_Driver/Src/stm32h7xx_hal_pwr_ex.o
 .debug_str     0x00165fb0   0x15fe42 ./Drivers/STM32H7xx_HAL_Driver/Src/stm32h7xx_hal_rcc.o
 .debug_str     0x00165fb0   0x160323 ./Drivers/STM32H7xx_HAL_Driver/Src/stm32h7xx_hal_rcc_ex.o
 .debug_str     0x00165fb0   0x160be1 ./Drivers/STM32H7xx_HAL_Driver/Src/stm32h7xx_hal_tim.o
 .debug_str     0x00165fb0   0x160509 ./Drivers/STM32H7xx_HAL_Driver/Src/stm32h7xx_hal_tim_ex.o
 .debug_str     0x00165fb0   0x160983 ./Drivers/STM32H7xx_HAL_Driver/Src/stm32h7xx_hal_uart.o
 .debug_str     0x00165fb0   0x15ff43 ./Drivers/STM32H7xx_HAL_Driver/Src/stm32h7xx_hal_uart_ex.o

.comment        0x00000000       0x43
 .comment       0x00000000       0x43 ./Application/Src/EC_Api.o
                                 0x44 (size before relaxing)
 .comment       0x00000043       0x44 ./Application/Src/EC_Comm.o
 .comment       0x00000043       0x44 ./Application/Src/EC_Manager.o
 .comment       0x00000043       0x44 ./Core/Src/main.o
 .comment       0x00000043       0x44 ./Core/Src/stm32h7xx_hal_msp.o
 .comment       0x00000043       0x44 ./Core/Src/stm32h7xx_it.o
 .comment       0x00000043       0x44 ./Core/Src/system_stm32h7xx.o
 .comment       0x00000043       0x44 ./Drivers/STM32H7xx_HAL_Driver/Src/stm32h7xx_hal.o
 .comment       0x00000043       0x44 ./Drivers/STM32H7xx_HAL_Driver/Src/stm32h7xx_hal_cortex.o
 .comment       0x00000043       0x44 ./Drivers/STM32H7xx_HAL_Driver/Src/stm32h7xx_hal_dma.o
 .comment       0x00000043       0x44 ./Drivers/STM32H7xx_HAL_Driver/Src/stm32h7xx_hal_gpio.o
 .comment       0x00000043       0x44 ./Drivers/STM32H7xx_HAL_Driver/Src/stm32h7xx_hal_pwr_ex.o
 .comment       0x00000043       0x44 ./Drivers/STM32H7xx_HAL_Driver/Src/stm32h7xx_hal_rcc.o
 .comment       0x00000043       0x44 ./Drivers/STM32H7xx_HAL_Driver/Src/stm32h7xx_hal_rcc_ex.o
 .comment       0x00000043       0x44 ./Drivers/STM32H7xx_HAL_Driver/Src/stm32h7xx_hal_tim.o
 .comment       0x00000043       0x44 ./Drivers/STM32H7xx_HAL_Driver/Src/stm32h7xx_hal_tim_ex.o
 .comment       0x00000043       0x44 ./Drivers/STM32H7xx_HAL_Driver/Src/stm32h7xx_hal_uart.o
 .comment       0x00000043       0x44 ./Drivers/STM32H7xx_HAL_Driver/Src/stm32h7xx_hal_uart_ex.o

.debug_frame    0x00000000     0x46dc
 .debug_frame   0x00000000       0x30 ./Application/Src/EC_Api.o
 .debug_frame   0x00000030       0x7c ./Application/Src/EC_Comm.o
 .debug_frame   0x000000ac       0x5c ./Application/Src/EC_Manager.o
 .debug_frame   0x00000108       0xe8 ./Core/Src/main.o
 .debug_frame   0x000001f0       0xcc ./Core/Src/stm32h7xx_hal_msp.o
 .debug_frame   0x000002bc      0x13c ./Core/Src/stm32h7xx_it.o
 .debug_frame   0x000003f8       0x78 ./Core/Src/system_stm32h7xx.o
 .debug_frame   0x00000470      0x690 ./Drivers/STM32H7xx_HAL_Driver/Src/stm32h7xx_hal.o
 .debug_frame   0x00000b00      0x508 ./Drivers/STM32H7xx_HAL_Driver/Src/stm32h7xx_hal_cortex.o
 .debug_frame   0x00001008      0x2b4 ./Drivers/STM32H7xx_HAL_Driver/Src/stm32h7xx_hal_dma.o
 .debug_frame   0x000012bc      0x14c ./Drivers/STM32H7xx_HAL_Driver/Src/stm32h7xx_hal_gpio.o
 .debug_frame   0x00001408      0x580 ./Drivers/STM32H7xx_HAL_Driver/Src/stm32h7xx_hal_pwr_ex.o
 .debug_frame   0x00001988      0x1f8 ./Drivers/STM32H7xx_HAL_Driver/Src/stm32h7xx_hal_rcc.o
 .debug_frame   0x00001b80      0x414 ./Drivers/STM32H7xx_HAL_Driver/Src/stm32h7xx_hal_rcc_ex.o
 .debug_frame   0x00001f94     0x121c ./Drivers/STM32H7xx_HAL_Driver/Src/stm32h7xx_hal_tim.o
 .debug_frame   0x000031b0      0x6d8 ./Drivers/STM32H7xx_HAL_Driver/Src/stm32h7xx_hal_tim_ex.o
 .debug_frame   0x00003888      0xa94 ./Drivers/STM32H7xx_HAL_Driver/Src/stm32h7xx_hal_uart.o
 .debug_frame   0x0000431c      0x2c0 ./Drivers/STM32H7xx_HAL_Driver/Src/stm32h7xx_hal_uart_ex.o
 .debug_frame   0x000045dc       0x20 C:/ST/STM32CubeIDE_1.9.0/STM32CubeIDE/plugins/com.st.stm32cube.ide.mcu.externaltools.gnu-tools-for-stm32.13.3.rel1.win32_1.0.0.202411081344/tools/bin/../lib/gcc/arm-none-eabi/13.3.1/../../../../arm-none-eabi/lib/thumb/v7e-m+dp/hard\libc_nano.a(libc_a-memset.o)
 .debug_frame   0x000045fc       0x2c C:/ST/STM32CubeIDE_1.9.0/STM32CubeIDE/plugins/com.st.stm32cube.ide.mcu.externaltools.gnu-tools-for-stm32.13.3.rel1.win32_1.0.0.202411081344/tools/bin/../lib/gcc/arm-none-eabi/13.3.1/../../../../arm-none-eabi/lib/thumb/v7e-m+dp/hard\libc_nano.a(libc_a-strstr.o)
 .debug_frame   0x00004628       0x2c C:/ST/STM32CubeIDE_1.9.0/STM32CubeIDE/plugins/com.st.stm32cube.ide.mcu.externaltools.gnu-tools-for-stm32.13.3.rel1.win32_1.0.0.202411081344/tools/bin/../lib/gcc/arm-none-eabi/13.3.1/../../../../arm-none-eabi/lib/thumb/v7e-m+dp/hard\libc_nano.a(libc_a-init.o)
 .debug_frame   0x00004654       0x28 C:/ST/STM32CubeIDE_1.9.0/STM32CubeIDE/plugins/com.st.stm32cube.ide.mcu.externaltools.gnu-tools-for-stm32.13.3.rel1.win32_1.0.0.202411081344/tools/bin/../lib/gcc/arm-none-eabi/13.3.1/../../../../arm-none-eabi/lib/thumb/v7e-m+dp/hard\libc_nano.a(libc_a-memcpy-stub.o)
 .debug_frame   0x0000467c       0x2c C:/ST/STM32CubeIDE_1.9.0/STM32CubeIDE/plugins/com.st.stm32cube.ide.mcu.externaltools.gnu-tools-for-stm32.13.3.rel1.win32_1.0.0.202411081344/tools/bin/../lib/gcc/arm-none-eabi/13.3.1/thumb/v7e-m+dp/hard\libgcc.a(_aeabi_uldivmod.o)
 .debug_frame   0x000046a8       0x34 C:/ST/STM32CubeIDE_1.9.0/STM32CubeIDE/plugins/com.st.stm32cube.ide.mcu.externaltools.gnu-tools-for-stm32.13.3.rel1.win32_1.0.0.202411081344/tools/bin/../lib/gcc/arm-none-eabi/13.3.1/thumb/v7e-m+dp/hard\libgcc.a(_udivmoddi4.o)

.debug_line_str
                0x00000000       0x53
 .debug_line_str
                0x00000000       0x53 ./Core/Startup/startup_stm32h753zitx.o
