Archive member included to satisfy reference by file (symbol)

C:/ST/STM32CubeIDE_1.9.0/STM32CubeIDE/plugins/com.st.stm32cube.ide.mcu.externaltools.gnu-tools-for-stm32.13.3.rel1.win32_1.0.0.202411081344/tools/bin/../lib/gcc/arm-none-eabi/13.3.1/../../../../arm-none-eabi/lib/thumb/v7e-m+dp/hard\libc_nano.a(libc_a-exit.o)
                              C:/ST/STM32CubeIDE_1.9.0/STM32CubeIDE/plugins/com.st.stm32cube.ide.mcu.externaltools.gnu-tools-for-stm32.13.3.rel1.win32_1.0.0.202411081344/tools/bin/../lib/gcc/arm-none-eabi/13.3.1/../../../../arm-none-eabi/lib/thumb/v7e-m+dp/hard/crt0.o (exit)
C:/ST/STM32CubeIDE_1.9.0/STM32CubeIDE/plugins/com.st.stm32cube.ide.mcu.externaltools.gnu-tools-for-stm32.13.3.rel1.win32_1.0.0.202411081344/tools/bin/../lib/gcc/arm-none-eabi/13.3.1/../../../../arm-none-eabi/lib/thumb/v7e-m+dp/hard\libc_nano.a(libc_a-findfp.o)
                              C:/ST/STM32CubeIDE_1.9.0/STM32CubeIDE/plugins/com.st.stm32cube.ide.mcu.externaltools.gnu-tools-for-stm32.13.3.rel1.win32_1.0.0.202411081344/tools/bin/../lib/gcc/arm-none-eabi/13.3.1/../../../../arm-none-eabi/lib/thumb/v7e-m+dp/hard\libc_nano.a(libc_a-exit.o) (__stdio_exit_handler)
C:/ST/STM32CubeIDE_1.9.0/STM32CubeIDE/plugins/com.st.stm32cube.ide.mcu.externaltools.gnu-tools-for-stm32.13.3.rel1.win32_1.0.0.202411081344/tools/bin/../lib/gcc/arm-none-eabi/13.3.1/../../../../arm-none-eabi/lib/thumb/v7e-m+dp/hard\libc_nano.a(libc_a-fwalk.o)
                              C:/ST/STM32CubeIDE_1.9.0/STM32CubeIDE/plugins/com.st.stm32cube.ide.mcu.externaltools.gnu-tools-for-stm32.13.3.rel1.win32_1.0.0.202411081344/tools/bin/../lib/gcc/arm-none-eabi/13.3.1/../../../../arm-none-eabi/lib/thumb/v7e-m+dp/hard\libc_nano.a(libc_a-findfp.o) (_fwalk_sglue)
C:/ST/STM32CubeIDE_1.9.0/STM32CubeIDE/plugins/com.st.stm32cube.ide.mcu.externaltools.gnu-tools-for-stm32.13.3.rel1.win32_1.0.0.202411081344/tools/bin/../lib/gcc/arm-none-eabi/13.3.1/../../../../arm-none-eabi/lib/thumb/v7e-m+dp/hard\libc_nano.a(libc_a-stdio.o)
                              C:/ST/STM32CubeIDE_1.9.0/STM32CubeIDE/plugins/com.st.stm32cube.ide.mcu.externaltools.gnu-tools-for-stm32.13.3.rel1.win32_1.0.0.202411081344/tools/bin/../lib/gcc/arm-none-eabi/13.3.1/../../../../arm-none-eabi/lib/thumb/v7e-m+dp/hard\libc_nano.a(libc_a-findfp.o) (__sread)
C:/ST/STM32CubeIDE_1.9.0/STM32CubeIDE/plugins/com.st.stm32cube.ide.mcu.externaltools.gnu-tools-for-stm32.13.3.rel1.win32_1.0.0.202411081344/tools/bin/../lib/gcc/arm-none-eabi/13.3.1/../../../../arm-none-eabi/lib/thumb/v7e-m+dp/hard\libc_nano.a(libc_a-memset.o)
                              C:/ST/STM32CubeIDE_1.9.0/STM32CubeIDE/plugins/com.st.stm32cube.ide.mcu.externaltools.gnu-tools-for-stm32.13.3.rel1.win32_1.0.0.202411081344/tools/bin/../lib/gcc/arm-none-eabi/13.3.1/../../../../arm-none-eabi/lib/thumb/v7e-m+dp/hard/crt0.o (memset)
C:/ST/STM32CubeIDE_1.9.0/STM32CubeIDE/plugins/com.st.stm32cube.ide.mcu.externaltools.gnu-tools-for-stm32.13.3.rel1.win32_1.0.0.202411081344/tools/bin/../lib/gcc/arm-none-eabi/13.3.1/../../../../arm-none-eabi/lib/thumb/v7e-m+dp/hard\libc_nano.a(libc_a-strstr.o)
                              ./Application/Src/EC_Manager.o (strstr)
C:/ST/STM32CubeIDE_1.9.0/STM32CubeIDE/plugins/com.st.stm32cube.ide.mcu.externaltools.gnu-tools-for-stm32.13.3.rel1.win32_1.0.0.202411081344/tools/bin/../lib/gcc/arm-none-eabi/13.3.1/../../../../arm-none-eabi/lib/thumb/v7e-m+dp/hard\libc_nano.a(libc_a-closer.o)
                              C:/ST/STM32CubeIDE_1.9.0/STM32CubeIDE/plugins/com.st.stm32cube.ide.mcu.externaltools.gnu-tools-for-stm32.13.3.rel1.win32_1.0.0.202411081344/tools/bin/../lib/gcc/arm-none-eabi/13.3.1/../../../../arm-none-eabi/lib/thumb/v7e-m+dp/hard\libc_nano.a(libc_a-stdio.o) (_close_r)
C:/ST/STM32CubeIDE_1.9.0/STM32CubeIDE/plugins/com.st.stm32cube.ide.mcu.externaltools.gnu-tools-for-stm32.13.3.rel1.win32_1.0.0.202411081344/tools/bin/../lib/gcc/arm-none-eabi/13.3.1/../../../../arm-none-eabi/lib/thumb/v7e-m+dp/hard\libc_nano.a(libc_a-reent.o)
                              C:/ST/STM32CubeIDE_1.9.0/STM32CubeIDE/plugins/com.st.stm32cube.ide.mcu.externaltools.gnu-tools-for-stm32.13.3.rel1.win32_1.0.0.202411081344/tools/bin/../lib/gcc/arm-none-eabi/13.3.1/../../../../arm-none-eabi/lib/thumb/v7e-m+dp/hard\libc_nano.a(libc_a-closer.o) (errno)
C:/ST/STM32CubeIDE_1.9.0/STM32CubeIDE/plugins/com.st.stm32cube.ide.mcu.externaltools.gnu-tools-for-stm32.13.3.rel1.win32_1.0.0.202411081344/tools/bin/../lib/gcc/arm-none-eabi/13.3.1/../../../../arm-none-eabi/lib/thumb/v7e-m+dp/hard\libc_nano.a(libc_a-impure.o)
                              C:/ST/STM32CubeIDE_1.9.0/STM32CubeIDE/plugins/com.st.stm32cube.ide.mcu.externaltools.gnu-tools-for-stm32.13.3.rel1.win32_1.0.0.202411081344/tools/bin/../lib/gcc/arm-none-eabi/13.3.1/../../../../arm-none-eabi/lib/thumb/v7e-m+dp/hard\libc_nano.a(libc_a-reent.o) (_impure_ptr)
[...]
Memory Configuration

Name             Origin             Length             Attributes
FLASH            0x08000000         0x00200000         xr
DTCMRAM          0x20000000         0x00020000         xrw
RAM_D1           0x24000000         0x00080000         xrw
RAM_D2           0x30000000         0x00048000         xrw
RAM_D3           0x38000000         0x00010000         xrw
ITCMRAM          0x00000000         0x00010000         xrw
*default*        0x00000000         0xffffffff

Linker script and memory map

LOAD C:/ST/STM32CubeIDE_1.9.0/STM32CubeIDE/plugins/com.st.stm32cube.ide.mcu.externaltools.gnu-tools-for-stm32.13.3.rel1.win32_1.0.0.202411081344/tools/bin/../lib/gcc/arm-none-eabi/13.3.1/thumb/v7e-m+dp/hard/crti.o
LOAD C:/ST/STM32CubeIDE_1.9.0/STM32CubeIDE/plugins/com.st.stm32cube.ide.mcu.externaltools.gnu-tools-for-stm32.13.3.rel1.win32_1.0.0.202411081344/tools/bin/../lib/gcc/arm-none-eabi/13.3.1/thumb/v7e-m+dp/hard/crtbegin.o
LOAD C:/ST/STM32CubeIDE_1.9.0/STM32CubeIDE/plugins/com.st.stm32cube.ide.mcu.externaltools.gnu-tools-for-stm32.13.3.rel1.win32_1.0.0.202411081344/tools/bin/../lib/gcc/arm-none-eabi/13.3.1/../../../../arm-none-eabi/lib/thumb/v7e-m+dp/hard/crt0.o
LOAD ./Application/Src/EC_Comm.o
LOAD ./Application/Src/EC_Manager.o
LOAD ./Core/Src/main.o
LOAD ./Core/Src/stm32h7xx_hal_msp.o
LOAD ./Core/Src/stm32h7xx_it.o
LOAD ./Core/Src/syscalls.o
LOAD ./Core/Src/sysmem.o
LOAD ./Core/Src/system_stm32h7xx.o
LOAD ./Core/Startup/startup_stm32h753zitx.o
LOAD ./Drivers/STM32H7xx_HAL_Driver/Src/stm32h7xx_hal.o
LOAD ./Drivers/STM32H7xx_HAL_Driver/Src/stm32h7xx_hal_cortex.o
LOAD ./Drivers/STM32H7xx_HAL_Driver/Src/stm32h7xx_hal_dma.o
LOAD ./Drivers/STM32H7xx_HAL_Driver/Src/stm32h7xx_hal_dma_ex.o
LOAD ./Drivers/STM32H7xx_HAL_Driver/Src/stm32h7xx_hal_exti.o
LOAD ./Drivers/STM32H7xx_HAL_Driver/Src/stm32h7xx_hal_flash.o
LOAD ./Drivers/STM32H7xx_HAL_Driver/Src/stm32h7xx_hal_flash_ex.o
LOAD ./Drivers/STM32H7xx_HAL_Driver/Src/stm32h7xx_hal_gpio.o
LOAD ./Drivers/STM32H7xx_HAL_Driver/Src/stm32h7xx_hal_hsem.o
LOAD ./Drivers/STM32H7xx_HAL_Driver/Src/stm32h7xx_hal_i2c.o
LOAD ./Drivers/STM32H7xx_HAL_Driver/Src/stm32h7xx_hal_i2c_ex.o
LOAD ./Drivers/STM32H7xx_HAL_Driver/Src/stm32h7xx_hal_mdma.o
LOAD ./Drivers/STM32H7xx_HAL_Driver/Src/stm32h7xx_hal_pwr.o
LOAD ./Drivers/STM32H7xx_HAL_Driver/Src/stm32h7xx_hal_pwr_ex.o
LOAD ./Drivers/STM32H7xx_HAL_Driver/Src/stm32h7xx_hal_rcc.o
LOAD ./Drivers/STM32H7xx_HAL_Driver/Src/stm32h7xx_hal_rcc_ex.o
LOAD ./Drivers/STM32H7xx_HAL_Driver/Src/stm32h7xx_hal_tim.o
LOAD ./Drivers/STM32H7xx_HAL_Driver/Src/stm32h7xx_hal_tim_ex.o
LOAD ./Drivers/STM32H7xx_HAL_Driver/Src/stm32h7xx_hal_uart.o
LOAD ./Drivers/STM32H7xx_HAL_Driver/Src/stm32h7xx_hal_uart_ex.o
START GROUP
LOAD C:/ST/STM32CubeIDE_1.9.0/STM32CubeIDE/plugins/com.st.stm32cube.ide.mcu.externaltools.gnu-tools-for-stm32.13.3.rel1.win32_1.0.0.202411081344/tools/bin/../lib/gcc/arm-none-eabi/13.3.1/../../../../arm-none-eabi/lib/thumb/v7e-m+dp/hard\libc_nano.a
LOAD C:/ST/STM32CubeIDE_1.9.0/STM32CubeIDE/plugins/com.st.stm32cube.ide.mcu.externaltools.gnu-tools-for-stm32.13.3.rel1.win32_1.0.0.202411081344/tools/bin/../lib/gcc/arm-none-eabi/13.3.1/../../../../arm-none-eabi/lib/thumb/v7e-m+dp/hard\libm.a
END GROUP
START GROUP
LOAD C:/ST/STM32CubeIDE_1.9.0/STM32CubeIDE/plugins/com.st.stm32cube.ide.mcu.externaltools.gnu-tools-for-stm32.13.3.rel1.win32_1.0.0.202411081344/tools/bin/../lib/gcc/arm-none-eabi/13.3.1/thumb/v7e-m+dp/hard\libgcc.a
LOAD C:/ST/STM32CubeIDE_1.9.0/STM32CubeIDE/plugins/com.st.stm32cube.ide.mcu.externaltools.gnu-tools-for-stm32.13.3.rel1.win32_1.0.0.202411081344/tools/bin/../lib/gcc/arm-none-eabi/13.3.1/../../../../arm-none-eabi/lib/thumb/v7e-m+dp/hard\libc_nano.a
END GROUP
START GROUP
LOAD C:/ST/STM32CubeIDE_1.9.0/STM32CubeIDE/plugins/com.st.stm32cube.ide.mcu.externaltools.gnu-tools-for-stm32.13.3.rel1.win32_1.0.0.202411081344/tools/bin/../lib/gcc/arm-none-eabi/13.3.1/thumb/v7e-m+dp/hard\libgcc.a
LOAD C:/ST/STM32CubeIDE_1.9.0/STM32CubeIDE/plugins/com.st.stm32cube.ide.mcu.externaltools.gnu-tools-for-stm32.13.3.rel1.win32_1.0.0.202411081344/tools/bin/../lib/gcc/arm-none-eabi/13.3.1/../../../../arm-none-eabi/lib/thumb/v7e-m+dp/hard\libc_nano.a
LOAD C:/ST/STM32CubeIDE_1.9.0/STM32CubeIDE/plugins/com.st.stm32cube.ide.mcu.externaltools.gnu-tools-for-stm32.13.3.rel1.win32_1.0.0.202411081344/tools/bin/../lib/gcc/arm-none-eabi/13.3.1/../../../../arm-none-eabi/lib/thumb/v7e-m+dp/hard\libnosys.a
END GROUP
START GROUP
LOAD C:/ST/STM32CubeIDE_1.9.0/STM32CubeIDE/plugins/com.st.stm32cube.ide.mcu.externaltools.gnu-tools-for-stm32.13.3.rel1.win32_1.0.0.202411081344/tools/bin/../lib/gcc/arm-none-eabi/13.3.1/thumb/v7e-m+dp/hard\libgcc.a
LOAD C:/ST/STM32CubeIDE_1.9.0/STM32CubeIDE/plugins/com.st.stm32cube.ide.mcu.externaltools.gnu-tools-for-stm32.13.3.rel1.win32_1.0.0.202411081344/tools/bin/../lib/gcc/arm-none-eabi/13.3.1/../../../../arm-none-eabi/lib/thumb/v7e-m+dp/hard\libc_nano.a
LOAD C:/ST/STM32CubeIDE_1.9.0/STM32CubeIDE/plugins/com.st.stm32cube.ide.mcu.externaltools.gnu-tools-for-stm32.13.3.rel1.win32_1.0.0.202411081344/tools/bin/../lib/gcc/arm-none-eabi/13.3.1/../../../../arm-none-eabi/lib/thumb/v7e-m+dp/hard\libnosys.a
END GROUP
LOAD C:/ST/STM32CubeIDE_1.9.0/STM32CubeIDE/plugins/com.st.stm32cube.ide.mcu.externaltools.gnu-tools-for-stm32.13.3.rel1.win32_1.0.0.202411081344/tools/bin/../lib/gcc/arm-none-eabi/13.3.1/thumb/v7e-m+dp/hard/crtend.o
LOAD C:/ST/STM32CubeIDE_1.9.0/STM32CubeIDE/plugins/com.st.stm32cube.ide.mcu.externaltools.gnu-tools-for-stm32.13.3.rel1.win32_1.0.0.202411081344/tools/bin/../lib/gcc/arm-none-eabi/13.3.1/thumb/v7e-m+dp/hard/crtn.o
                0x24080000                        _estack = (ORIGIN (RAM_D1) + LENGTH (RAM_D1))
                0x00000200                        _Min_Heap_Size = 0x200
                0x00000400                        _Min_Stack_Size = 0x400

.isr_vector     0x08000000      0x298
                0x08000000                        . = ALIGN (0x4)
 *(.isr_vector)
 .isr_vector    0x08000000      0x298 ./Core/Startup/startup_stm32h753zitx.o
                0x08000000                g_pfnVectors
                0x08000298                        . = ALIGN (0x4)

.text           0x08000298     0x7b98
                0x08000298                        . = ALIGN (0x4)
 *(.text)
 .text          0x08000298       0x40 C:/ST/STM32CubeIDE_1.9.0/STM32CubeIDE/plugins/com.st.stm32cube.ide.mcu.externaltools.gnu-tools-for-stm32.13.3.rel1.win32_1.0.0.202411081344/tools/bin/../lib/gcc/arm-none-eabi/13.3.1/thumb/v7e-m+dp/hard/crtbegin.o
 .text          0x080002d8       0x30 C:/ST/STM32CubeIDE_1.9.0/STM32CubeIDE/plugins/com.st.stm32cube.ide.mcu.externaltools.gnu-tools-for-stm32.13.3.rel1.win32_1.0.0.202411081344/tools/bin/../lib/gcc/arm-none-eabi/13.3.1/thumb/v7e-m+dp/hard\libgcc.a(_aeabi_uldivmod.o)
                0x080002d8                __aeabi_uldivmod
 .text          0x08000308      0x2f8 C:/ST/STM32CubeIDE_1.9.0/STM32CubeIDE/plugins/com.st.stm32cube.ide.mcu.externaltools.gnu-tools-for-stm32.13.3.rel1.win32_1.0.0.202411081344/tools/bin/../lib/gcc/arm-none-eabi/13.3.1/thumb/v7e-m+dp/hard\libgcc.a(_udivmoddi4.o)
                0x08000308                __udivmoddi4
 .text          0x08000600        0x4 C:/ST/STM32CubeIDE_1.9.0/STM32CubeIDE/plugins/com.st.stm32cube.ide.mcu.externaltools.gnu-tools-for-stm32.13.3.rel1.win32_1.0.0.202411081344/tools/bin/../lib/gcc/arm-none-eabi/13.3.1/thumb/v7e-m+dp/hard\libgcc.a(_dvmd_tls.o)
                0x08000600                __aeabi_idiv0
                0x08000600                __aeabi_ldiv0
 *(.text*)
 .text.HAL_UART_RxCpltCallback
                0x08000604       0x54 ./Application/Src/EC_Comm.o
                0x08000604                HAL_UART_RxCpltCallback
 .text.HAL_TIM_PeriodElapsedCallback
                0x08000658       0x7c ./Application/Src/EC_Comm.o
                0x08000658                HAL_TIM_PeriodElapsedCallback
 .text.EC_Comm_Send
                0x080006d4       0x38 ./Application/Src/EC_Comm.o
                0x080006d4                EC_Comm_Send
 .text.EC_Manager_Proceeder
                0x0800070c       0xfc ./Application/Src/EC_Manager.o
                0x0800070c                EC_Manager_Proceeder
 .text.EC_Manager_Handler
                0x08000808      0x190 ./Application/Src/EC_Manager.o
                0x08000808                EC_Manager_Handler
 .text.main     0x08000998       0x3c ./Core/Src/main.o
                0x08000998                main
 .text.SystemClock_Config
                0x080009d4       0xd4 ./Core/Src/main.o
                0x080009d4                SystemClock_Config
 .text.MX_TIM14_Init
                0x08000aa8       0x48 ./Core/Src/main.o
 .text.MX_USART2_UART_Init
                0x08000af0       0x98 ./Core/Src/main.o
 .text.MX_GPIO_Init
                0x08000b88       0x88 ./Core/Src/main.o
 .text.MPU_Config
                0x08000c10       0x58 ./Core/Src/main.o
 .text.Error_Handler
                0x08000c68        0xc ./Core/Src/main.o
                0x08000c68                Error_Handler
 .text.HAL_MspInit
                0x08000c74       0x34 ./Core/Src/stm32h7xx_hal_msp.o
                0x08000c74                HAL_MspInit
 .text.HAL_TIM_Base_MspInit
                0x08000ca8       0x50 ./Core/Src/stm32h7xx_hal_msp.o
                0x08000ca8                HAL_TIM_Base_MspInit
 .text.HAL_UART_MspInit
                0x08000cf8       0xe0 ./Core/Src/stm32h7xx_hal_msp.o
                0x08000cf8                HAL_UART_MspInit
 .text.NMI_Handler
                0x08000dd8        0x8 ./Core/Src/stm32h7xx_it.o
                0x08000dd8                NMI_Handler
 .text.HardFault_Handler
                0x08000de0        0x8 ./Core/Src/stm32h7xx_it.o
                0x08000de0                HardFault_Handler
 .text.MemManage_Handler
                0x08000de8        0x8 ./Core/Src/stm32h7xx_it.o
                0x08000de8                MemManage_Handler
 .text.BusFault_Handler
                0x08000df0        0x8 ./Core/Src/stm32h7xx_it.o
                0x08000df0                BusFault_Handler
 .text.UsageFault_Handler
                0x08000df8        0x8 ./Core/Src/stm32h7xx_it.o
                0x08000df8                UsageFault_Handler
 .text.SVC_Handler
                0x08000e00        0xe ./Core/Src/stm32h7xx_it.o
                0x08000e00                SVC_Handler
 .text.DebugMon_Handler
                0x08000e0e        0xe ./Core/Src/stm32h7xx_it.o
                0x08000e0e                DebugMon_Handler
 .text.PendSV_Handler
                0x08000e1c        0xe ./Core/Src/stm32h7xx_it.o
                0x08000e1c                PendSV_Handler
 .text.SysTick_Handler
                0x08000e2a        0xc ./Core/Src/stm32h7xx_it.o
                0x08000e2a                SysTick_Handler
 *fill*         0x08000e36        0x2 
 .text.USART2_IRQHandler
                0x08000e38       0x14 ./Core/Src/stm32h7xx_it.o
                0x08000e38                USART2_IRQHandler
 .text.TIM8_TRG_COM_TIM14_IRQHandler
                0x08000e4c       0x14 ./Core/Src/stm32h7xx_it.o
                0x08000e4c                TIM8_TRG_COM_TIM14_IRQHandler
 .text.SystemInit
                0x08000e60      0x140 ./Core/Src/system_stm32h7xx.o
                0x08000e60                SystemInit
 .text.ExitRun0Mode
                0x08000fa0       0x30 ./Core/Src/system_stm32h7xx.o
                0x08000fa0                ExitRun0Mode
 .text.Reset_Handler
                0x08000fd0       0x54 ./Core/Startup/startup_stm32h753zitx.o
                0x08000fd0                Reset_Handler
 .text.Default_Handler
                0x08001024        0x2 ./Core/Startup/startup_stm32h753zitx.o
                0x08001024                RTC_Alarm_IRQHandler
                0x08001024                HASH_RNG_IRQHandler
                0x08001024                EXTI2_IRQHandler
                0x08001024                TIM8_CC_IRQHandler
                0x08001024                HRTIM1_Master_IRQHandler
                0x08001024                UART8_IRQHandler
                0x08001024                SPI4_IRQHandler
                0x08001024                TIM1_CC_IRQHandler
                0x08001024                BDMA_Channel6_IRQHandler
                0x08001024                DMA2_Stream5_IRQHandler
                0x08001024                HRTIM1_FLT_IRQHandler
                0x08001024                JPEG_IRQHandler
                0x08001024                DMA1_Stream5_IRQHandler
                0x08001024                BDMA_Channel1_IRQHandler
                0x08001024                HRTIM1_TIMD_IRQHandler
                0x08001024                TAMP_STAMP_IRQHandler
                0x08001024                EXTI3_IRQHandler
                0x08001024                LPTIM4_IRQHandler
                0x08001024                LPTIM2_IRQHandler
                0x08001024                DFSDM1_FLT1_IRQHandler
                0x08001024                DMAMUX2_OVR_IRQHandler
                0x08001024                TIM8_UP_TIM13_IRQHandler
                0x08001024                I2C3_ER_IRQHandler
                0x08001024                DFSDM1_FLT2_IRQHandler
                0x08001024                MDMA_IRQHandler
                0x08001024                LPTIM3_IRQHandler
                0x08001024                HSEM1_IRQHandler
                0x08001024                EXTI0_IRQHandler
                0x08001024                I2C2_EV_IRQHandler
                0x08001024                DMA1_Stream2_IRQHandler
                0x08001024                FPU_IRQHandler
                0x08001024                OTG_HS_WKUP_IRQHandler
                0x08001024                FDCAN1_IT1_IRQHandler
                0x08001024                LTDC_ER_IRQHandler
                0x08001024                DMA2_Stream2_IRQHandler
                0x08001024                HRTIM1_TIME_IRQHandler
                0x08001024                SPI1_IRQHandler
                0x08001024                TIM6_DAC_IRQHandler
                0x08001024                DCMI_IRQHandler
                0x08001024                HRTIM1_TIMC_IRQHandler
                0x08001024                DMA2_Stream3_IRQHandler
                0x08001024                SAI2_IRQHandler
                0x08001024                DFSDM1_FLT3_IRQHandler
                0x08001024                USART6_IRQHandler
                0x08001024                TIM17_IRQHandler
                0x08001024                USART3_IRQHandler
                0x08001024                BDMA_Channel7_IRQHandler
                0x08001024                CRYP_IRQHandler
                0x08001024                LPTIM5_IRQHandler
                0x08001024                UART5_IRQHandler
                0x08001024                ADC3_IRQHandler
                0x08001024                DMA2_Stream0_IRQHandler
                0x08001024                TIM4_IRQHandler
                0x08001024                BDMA_Channel2_IRQHandler
                0x08001024                QUADSPI_IRQHandler
                0x08001024                I2C1_EV_IRQHandler
                0x08001024                DMA1_Stream6_IRQHandler
                0x08001024                DMAMUX1_OVR_IRQHandler
                0x08001024                DMA1_Stream1_IRQHandler
                0x08001024                TIM16_IRQHandler
                0x08001024                UART4_IRQHandler
                0x08001024                BDMA_Channel5_IRQHandler
                0x08001024                TIM3_IRQHandler
                0x08001024                RCC_IRQHandler
                0x08001024                TIM8_BRK_TIM12_IRQHandler
                0x08001024                TIM1_TRG_COM_IRQHandler
                0x08001024                Default_Handler
                0x08001024                ECC_IRQHandler
                0x08001024                CEC_IRQHandler
                0x08001024                EXTI15_10_IRQHandler
                0x08001024                BDMA_Channel0_IRQHandler
                0x08001024                ADC_IRQHandler
                0x08001024                DMA1_Stream7_IRQHandler
                0x08001024                HRTIM1_TIMA_IRQHandler
                0x08001024                SPI5_IRQHandler
                0x08001024                TIM7_IRQHandler
                0x08001024                SDMMC1_IRQHandler
                0x08001024                TIM5_IRQHandler
                0x08001024                DMA2_Stream7_IRQHandler
                0x08001024                TIM15_IRQHandler
                0x08001024                PVD_AVD_IRQHandler
                0x08001024                I2C3_EV_IRQHandler
                0x08001024                EXTI9_5_IRQHandler
                0x08001024                RTC_WKUP_IRQHandler
                0x08001024                LTDC_IRQHandler
                0x08001024                SAI3_IRQHandler
                0x08001024                ETH_WKUP_IRQHandler
                0x08001024                SPDIF_RX_IRQHandler
                0x08001024                SPI2_IRQHandler
                0x08001024                OTG_HS_EP1_IN_IRQHandler
                0x08001024                DMA1_Stream0_IRQHandler
                0x08001024                CRS_IRQHandler
                0x08001024                EXTI4_IRQHandler
                0x08001024                HRTIM1_TIMB_IRQHandler
                0x08001024                FDCAN2_IT1_IRQHandler
                0x08001024                ETH_IRQHandler
                0x08001024                TIM1_UP_IRQHandler
                0x08001024                BDMA_Channel4_IRQHandler
                0x08001024                OTG_HS_EP1_OUT_IRQHandler
                0x08001024                WWDG_IRQHandler
                0x08001024                SPI6_IRQHandler
                0x08001024                MDIOS_IRQHandler
                0x08001024                I2C4_EV_IRQHandler
                0x08001024                FDCAN2_IT0_IRQHandler
                0x08001024                LPUART1_IRQHandler
                0x08001024                FDCAN1_IT0_IRQHandler
                0x08001024                TIM2_IRQHandler
                0x08001024                OTG_FS_WKUP_IRQHandler
                0x08001024                OTG_HS_IRQHandler
                0x08001024                DMA2D_IRQHandler
                0x08001024                TIM1_BRK_IRQHandler
                0x08001024                EXTI1_IRQHandler
                0x08001024                SDMMC2_IRQHandler
                0x08001024                OTG_FS_EP1_OUT_IRQHandler
                0x08001024                BDMA_Channel3_IRQHandler
                0x08001024                UART7_IRQHandler
                0x08001024                MDIOS_WKUP_IRQHandler
                0x08001024                DFSDM1_FLT0_IRQHandler
                0x08001024                SAI4_IRQHandler
                0x08001024                I2C2_ER_IRQHandler
                0x08001024                DMA2_Stream1_IRQHandler
                0x08001024                FLASH_IRQHandler
                0x08001024                DMA2_Stream4_IRQHandler
                0x08001024                USART1_IRQHandler
                0x08001024                OTG_FS_IRQHandler
                0x08001024                SPI3_IRQHandler
                0x08001024                WAKEUP_PIN_IRQHandler
                0x08001024                DMA1_Stream4_IRQHandler
                0x08001024                OTG_FS_EP1_IN_IRQHandler
                0x08001024                I2C1_ER_IRQHandler
                0x08001024                FMC_IRQHandler
                0x08001024                FDCAN_CAL_IRQHandler
                0x08001024                SWPMI1_IRQHandler
                0x08001024                COMP1_IRQHandler
                0x08001024                LPTIM1_IRQHandler
                0x08001024                I2C4_ER_IRQHandler
                0x08001024                DMA2_Stream6_IRQHandler
                0x08001024                SAI1_IRQHandler
                0x08001024                DMA1_Stream3_IRQHandler
 *fill*         0x08001026        0x2 
 .text.HAL_Init
                0x08001028       0x78 ./Drivers/STM32H7xx_HAL_Driver/Src/stm32h7xx_hal.o
                0x08001028                HAL_Init
 .text.HAL_InitTick
                0x080010a0       0x6c ./Drivers/STM32H7xx_HAL_Driver/Src/stm32h7xx_hal.o
                0x080010a0                HAL_InitTick
 .text.HAL_IncTick
                0x0800110c       0x28 ./Drivers/STM32H7xx_HAL_Driver/Src/stm32h7xx_hal.o
                0x0800110c                HAL_IncTick
 .text.HAL_GetTick
                0x08001134       0x18 ./Drivers/STM32H7xx_HAL_Driver/Src/stm32h7xx_hal.o
                0x08001134                HAL_GetTick
 .text.HAL_GetREVID
                0x0800114c       0x18 ./Drivers/STM32H7xx_HAL_Driver/Src/stm32h7xx_hal.o
                0x0800114c                HAL_GetREVID
 .text.__NVIC_SetPriorityGrouping
                0x08001164       0x48 ./Drivers/STM32H7xx_HAL_Driver/Src/stm32h7xx_hal_cortex.o
 .text.__NVIC_GetPriorityGrouping
                0x080011ac       0x1c ./Drivers/STM32H7xx_HAL_Driver/Src/stm32h7xx_hal_cortex.o
 .text.__NVIC_EnableIRQ
                0x080011c8       0x3c ./Drivers/STM32H7xx_HAL_Driver/Src/stm32h7xx_hal_cortex.o
 .text.__NVIC_SetPriority
                0x08001204       0x54 ./Drivers/STM32H7xx_HAL_Driver/Src/stm32h7xx_hal_cortex.o
 .text.NVIC_EncodePriority
                0x08001258       0x66 ./Drivers/STM32H7xx_HAL_Driver/Src/stm32h7xx_hal_cortex.o
 *fill*         0x080012be        0x2 
 .text.SysTick_Config
                0x080012c0       0x44 ./Drivers/STM32H7xx_HAL_Driver/Src/stm32h7xx_hal_cortex.o
 .text.HAL_NVIC_SetPriorityGrouping
                0x08001304       0x16 ./Drivers/STM32H7xx_HAL_Driver/Src/stm32h7xx_hal_cortex.o
                0x08001304                HAL_NVIC_SetPriorityGrouping
 .text.HAL_NVIC_SetPriority
                0x0800131a       0x34 ./Drivers/STM32H7xx_HAL_Driver/Src/stm32h7xx_hal_cortex.o
                0x0800131a                HAL_NVIC_SetPriority
 .text.HAL_NVIC_EnableIRQ
                0x0800134e       0x1c ./Drivers/STM32H7xx_HAL_Driver/Src/stm32h7xx_hal_cortex.o
                0x0800134e                HAL_NVIC_EnableIRQ
 .text.HAL_SYSTICK_Config
                0x0800136a       0x18 ./Drivers/STM32H7xx_HAL_Driver/Src/stm32h7xx_hal_cortex.o
                0x0800136a                HAL_SYSTICK_Config
 *fill*         0x08001382        0x2 
 .text.HAL_MPU_Disable
                0x08001384       0x30 ./Drivers/STM32H7xx_HAL_Driver/Src/stm32h7xx_hal_cortex.o
                0x08001384                HAL_MPU_Disable
 .text.HAL_MPU_Enable
                0x080013b4       0x40 ./Drivers/STM32H7xx_HAL_Driver/Src/stm32h7xx_hal_cortex.o
                0x080013b4                HAL_MPU_Enable
 .text.HAL_MPU_ConfigRegion
                0x080013f4       0x80 ./Drivers/STM32H7xx_HAL_Driver/Src/stm32h7xx_hal_cortex.o
                0x080013f4                HAL_MPU_ConfigRegion
 .text.HAL_DMA_Abort
                0x08001474      0x63c ./Drivers/STM32H7xx_HAL_Driver/Src/stm32h7xx_hal_dma.o
                0x08001474                HAL_DMA_Abort
 .text.HAL_DMA_Abort_IT
                0x08001ab0      0x48c ./Drivers/STM32H7xx_HAL_Driver/Src/stm32h7xx_hal_dma.o
                0x08001ab0                HAL_DMA_Abort_IT
 .text.HAL_GPIO_Init
                0x08001f3c      0x360 ./Drivers/STM32H7xx_HAL_Driver/Src/stm32h7xx_hal_gpio.o
                0x08001f3c                HAL_GPIO_Init
 .text.HAL_GPIO_WritePin
                0x0800229c       0x32 ./Drivers/STM32H7xx_HAL_Driver/Src/stm32h7xx_hal_gpio.o
                0x0800229c                HAL_GPIO_WritePin
 *fill*         0x080022ce        0x2 
 .text.HAL_PWREx_ConfigSupply
                0x080022d0       0x74 ./Drivers/STM32H7xx_HAL_Driver/Src/stm32h7xx_hal_pwr_ex.o
                0x080022d0                HAL_PWREx_ConfigSupply
 .text.HAL_RCC_OscConfig
                0x08002344      0x8b4 ./Drivers/STM32H7xx_HAL_Driver/Src/stm32h7xx_hal_rcc.o
                0x08002344                HAL_RCC_OscConfig
 .text.HAL_RCC_ClockConfig
                0x08002bf8      0x36c ./Drivers/STM32H7xx_HAL_Driver/Src/stm32h7xx_hal_rcc.o
                0x08002bf8                HAL_RCC_ClockConfig
 .text.HAL_RCC_GetSysClockFreq
                0x08002f64      0x2f4 ./Drivers/STM32H7xx_HAL_Driver/Src/stm32h7xx_hal_rcc.o
                0x08002f64                HAL_RCC_GetSysClockFreq
 .text.HAL_RCC_GetHCLKFreq
                0x08003258       0x60 ./Drivers/STM32H7xx_HAL_Driver/Src/stm32h7xx_hal_rcc.o
                0x08003258                HAL_RCC_GetHCLKFreq
 .text.HAL_RCC_GetPCLK1Freq
                0x080032b8       0x2c ./Drivers/STM32H7xx_HAL_Driver/Src/stm32h7xx_hal_rcc.o
                0x080032b8                HAL_RCC_GetPCLK1Freq
 .text.HAL_RCC_GetPCLK2Freq
                0x080032e4       0x2c ./Drivers/STM32H7xx_HAL_Driver/Src/stm32h7xx_hal_rcc.o
                0x080032e4                HAL_RCC_GetPCLK2Freq
 .text.HAL_RCCEx_PeriphCLKConfig
                0x08003310     0x1414 ./Drivers/STM32H7xx_HAL_Driver/Src/stm32h7xx_hal_rcc_ex.o
                0x08003310                HAL_RCCEx_PeriphCLKConfig
 .text.HAL_RCCEx_GetD3PCLK1Freq
                0x08004724       0x2c ./Drivers/STM32H7xx_HAL_Driver/Src/stm32h7xx_hal_rcc_ex.o
                0x08004724                HAL_RCCEx_GetD3PCLK1Freq
 .text.HAL_RCCEx_GetPLL2ClockFreq
                0x08004750      0x2a8 ./Drivers/STM32H7xx_HAL_Driver/Src/stm32h7xx_hal_rcc_ex.o
                0x08004750                HAL_RCCEx_GetPLL2ClockFreq
 .text.HAL_RCCEx_GetPLL3ClockFreq
                0x080049f8      0x2a8 ./Drivers/STM32H7xx_HAL_Driver/Src/stm32h7xx_hal_rcc_ex.o
                0x080049f8                HAL_RCCEx_GetPLL3ClockFreq
 .text.RCCEx_PLL2_Config
                0x08004ca0      0x164 ./Drivers/STM32H7xx_HAL_Driver/Src/stm32h7xx_hal_rcc_ex.o
 .text.RCCEx_PLL3_Config
                0x08004e04      0x164 ./Drivers/STM32H7xx_HAL_Driver/Src/stm32h7xx_hal_rcc_ex.o
 .text.HAL_TIM_Base_Init
                0x08004f68       0xae ./Drivers/STM32H7xx_HAL_Driver/Src/stm32h7xx_hal_tim.o
                0x08004f68                HAL_TIM_Base_Init
 *fill*         0x08005016        0x2 
 .text.HAL_TIM_Base_Start_IT
                0x08005018       0xf0 ./Drivers/STM32H7xx_HAL_Driver/Src/stm32h7xx_hal_tim.o
                0x08005018                HAL_TIM_Base_Start_IT
 .text.HAL_TIM_IRQHandler
                0x08005108      0x20e ./Drivers/STM32H7xx_HAL_Driver/Src/stm32h7xx_hal_tim.o
                0x08005108                HAL_TIM_IRQHandler
 .text.HAL_TIM_OC_DelayElapsedCallback
                0x08005316       0x14 ./Drivers/STM32H7xx_HAL_Driver/Src/stm32h7xx_hal_tim.o
                0x08005316                HAL_TIM_OC_DelayElapsedCallback
 .text.HAL_TIM_IC_CaptureCallback
                0x0800532a       0x14 ./Drivers/STM32H7xx_HAL_Driver/Src/stm32h7xx_hal_tim.o
                0x0800532a                HAL_TIM_IC_CaptureCallback
 .text.HAL_TIM_PWM_PulseFinishedCallback
                0x0800533e       0x14 ./Drivers/STM32H7xx_HAL_Driver/Src/stm32h7xx_hal_tim.o
                0x0800533e                HAL_TIM_PWM_PulseFinishedCallback
 .text.HAL_TIM_TriggerCallback
                0x08005352       0x14 ./Drivers/STM32H7xx_HAL_Driver/Src/stm32h7xx_hal_tim.o
                0x08005352                HAL_TIM_TriggerCallback
 *fill*         0x08005366        0x2 
 .text.TIM_Base_SetConfig
                0x08005368      0x140 ./Drivers/STM32H7xx_HAL_Driver/Src/stm32h7xx_hal_tim.o
                0x08005368                TIM_Base_SetConfig
 .text.HAL_TIMEx_CommutCallback
                0x080054a8       0x14 ./Drivers/STM32H7xx_HAL_Driver/Src/stm32h7xx_hal_tim_ex.o
                0x080054a8                HAL_TIMEx_CommutCallback
 .text.HAL_TIMEx_BreakCallback
                0x080054bc       0x14 ./Drivers/STM32H7xx_HAL_Driver/Src/stm32h7xx_hal_tim_ex.o
                0x080054bc                HAL_TIMEx_BreakCallback
 .text.HAL_TIMEx_Break2Callback
                0x080054d0       0x14 ./Drivers/STM32H7xx_HAL_Driver/Src/stm32h7xx_hal_tim_ex.o
                0x080054d0                HAL_TIMEx_Break2Callback
 .text.HAL_UART_Init
                0x080054e4       0xa0 ./Drivers/STM32H7xx_HAL_Driver/Src/stm32h7xx_hal_uart.o
                0x080054e4                HAL_UART_Init
 .text.HAL_UART_Transmit
                0x08005584      0x11c ./Drivers/STM32H7xx_HAL_Driver/Src/stm32h7xx_hal_uart.o
                0x08005584                HAL_UART_Transmit
 .text.HAL_UART_Receive_IT
                0x080056a0       0x98 ./Drivers/STM32H7xx_HAL_Driver/Src/stm32h7xx_hal_uart.o
                0x080056a0                HAL_UART_Receive_IT
 .text.HAL_UART_IRQHandler
                0x08005738      0x7ac ./Drivers/STM32H7xx_HAL_Driver/Src/stm32h7xx_hal_uart.o
                0x08005738                HAL_UART_IRQHandler
 .text.HAL_UART_TxCpltCallback
                0x08005ee4       0x14 ./Drivers/STM32H7xx_HAL_Driver/Src/stm32h7xx_hal_uart.o
                0x08005ee4                HAL_UART_TxCpltCallback
 .text.HAL_UART_ErrorCallback
                0x08005ef8       0x14 ./Drivers/STM32H7xx_HAL_Driver/Src/stm32h7xx_hal_uart.o
                0x08005ef8                HAL_UART_ErrorCallback
 .text.HAL_UARTEx_RxEventCallback
                0x08005f0c       0x18 ./Drivers/STM32H7xx_HAL_Driver/Src/stm32h7xx_hal_uart.o
                0x08005f0c                HAL_UARTEx_RxEventCallback
 .text.UART_SetConfig
                0x08005f24      0xad0 ./Drivers/STM32H7xx_HAL_Driver/Src/stm32h7xx_hal_uart.o
                0x08005f24                UART_SetConfig
 .text.UART_AdvFeatureConfig
                0x080069f4      0x144 ./Drivers/STM32H7xx_HAL_Driver/Src/stm32h7xx_hal_uart.o
                0x080069f4                UART_AdvFeatureConfig
 .text.UART_CheckIdleState
                0x08006b38      0x154 ./Drivers/STM32H7xx_HAL_Driver/Src/stm32h7xx_hal_uart.o
                0x08006b38                UART_CheckIdleState
 .text.UART_WaitOnFlagUntilTimeout
                0x08006c8c       0xda ./Drivers/STM32H7xx_HAL_Driver/Src/stm32h7xx_hal_uart.o
                0x08006c8c                UART_WaitOnFlagUntilTimeout
 *fill*         0x08006d66        0x2 
 .text.UART_Start_Receive_IT
                0x08006d68      0x244 ./Drivers/STM32H7xx_HAL_Driver/Src/stm32h7xx_hal_uart.o
                0x08006d68                UART_Start_Receive_IT
 .text.UART_EndRxTransfer
                0x08006fac       0xcc ./Drivers/STM32H7xx_HAL_Driver/Src/stm32h7xx_hal_uart.o
 .text.UART_DMAAbortOnError
                0x08007078       0x24 ./Drivers/STM32H7xx_HAL_Driver/Src/stm32h7xx_hal_uart.o
 .text.UART_EndTransmit_IT
                0x0800709c       0x56 ./Drivers/STM32H7xx_HAL_Driver/Src/stm32h7xx_hal_uart.o
 *fill*         0x080070f2        0x2 
 .text.UART_RxISR_8BIT
                0x080070f4      0x1b8 ./Drivers/STM32H7xx_HAL_Driver/Src/stm32h7xx_hal_uart.o
 .text.UART_RxISR_16BIT
                0x080072ac      0x1b8 ./Drivers/STM32H7xx_HAL_Driver/Src/stm32h7xx_hal_uart.o
 .text.UART_RxISR_8BIT_FIFOEN
                0x08007464      0x364 ./Drivers/STM32H7xx_HAL_Driver/Src/stm32h7xx_hal_uart.o
 .text.UART_RxISR_16BIT_FIFOEN
                0x080077c8      0x36c ./Drivers/STM32H7xx_HAL_Driver/Src/stm32h7xx_hal_uart.o
 .text.HAL_UARTEx_WakeupCallback
                0x08007b34       0x14 ./Drivers/STM32H7xx_HAL_Driver/Src/stm32h7xx_hal_uart_ex.o
                0x08007b34                HAL_UARTEx_WakeupCallback
 .text.HAL_UARTEx_RxFifoFullCallback
                0x08007b48       0x14 ./Drivers/STM32H7xx_HAL_Driver/Src/stm32h7xx_hal_uart_ex.o
                0x08007b48                HAL_UARTEx_RxFifoFullCallback
 .text.HAL_UARTEx_TxFifoEmptyCallback
                0x08007b5c       0x14 ./Drivers/STM32H7xx_HAL_Driver/Src/stm32h7xx_hal_uart_ex.o
                0x08007b5c                HAL_UARTEx_TxFifoEmptyCallback
 .text.HAL_UARTEx_DisableFifoMode
                0x08007b70       0x72 ./Drivers/STM32H7xx_HAL_Driver/Src/stm32h7xx_hal_uart_ex.o
                0x08007b70                HAL_UARTEx_DisableFifoMode
 .text.HAL_UARTEx_SetTxFifoThreshold
                0x08007be2       0x7c ./Drivers/STM32H7xx_HAL_Driver/Src/stm32h7xx_hal_uart_ex.o
                0x08007be2                HAL_UARTEx_SetTxFifoThreshold
 .text.HAL_UARTEx_SetRxFifoThreshold
                0x08007c5e       0x7c ./Drivers/STM32H7xx_HAL_Driver/Src/stm32h7xx_hal_uart_ex.o
                0x08007c5e                HAL_UARTEx_SetRxFifoThreshold
 *fill*         0x08007cda        0x2 
 .text.UARTEx_SetNbDataToProcess
                0x08007cdc       0x9c ./Drivers/STM32H7xx_HAL_Driver/Src/stm32h7xx_hal_uart_ex.o
 .text.memset   0x08007d78       0x10 C:/ST/STM32CubeIDE_1.9.0/STM32CubeIDE/plugins/com.st.stm32cube.ide.mcu.externaltools.gnu-tools-for-stm32.13.3.rel1.win32_1.0.0.202411081344/tools/bin/../lib/gcc/arm-none-eabi/13.3.1/../../../../arm-none-eabi/lib/thumb/v7e-m+dp/hard\libc_nano.a(libc_a-memset.o)
                0x08007d78                memset
 .text.strstr   0x08007d88       0x2c C:/ST/STM32CubeIDE_1.9.0/STM32CubeIDE/plugins/com.st.stm32cube.ide.mcu.externaltools.gnu-tools-for-stm32.13.3.rel1.win32_1.0.0.202411081344/tools/bin/../lib/gcc/arm-none-eabi/13.3.1/../../../../arm-none-eabi/lib/thumb/v7e-m+dp/hard\libc_nano.a(libc_a-strstr.o)
                0x08007d88                strstr
 .text.__libc_init_array
                0x08007db4       0x48 C:/ST/STM32CubeIDE_1.9.0/STM32CubeIDE/plugins/com.st.stm32cube.ide.mcu.externaltools.gnu-tools-for-stm32.13.3.rel1.win32_1.0.0.202411081344/tools/bin/../lib/gcc/arm-none-eabi/13.3.1/../../../../arm-none-eabi/lib/thumb/v7e-m+dp/hard\libc_nano.a(libc_a-init.o)
                0x08007db4                __libc_init_array
 .text.memcpy   0x08007dfc       0x1c C:/ST/STM32CubeIDE_1.9.0/STM32CubeIDE/plugins/com.st.stm32cube.ide.mcu.externaltools.gnu-tools-for-stm32.13.3.rel1.win32_1.0.0.202411081344/tools/bin/../lib/gcc/arm-none-eabi/13.3.1/../../../../arm-none-eabi/lib/thumb/v7e-m+dp/hard\libc_nano.a(libc_a-memcpy-stub.o)
                0x08007dfc                memcpy
 *(.glue_7)
 .glue_7        0x08007e18        0x0 linker stubs
 *(.glue_7t)
 .glue_7t       0x08007e18        0x0 linker stubs
 *(.eh_frame)
 .eh_frame      0x08007e18        0x0 C:/ST/STM32CubeIDE_1.9.0/STM32CubeIDE/plugins/com.st.stm32cube.ide.mcu.externaltools.gnu-tools-for-stm32.13.3.rel1.win32_1.0.0.202411081344/tools/bin/../lib/gcc/arm-none-eabi/13.3.1/thumb/v7e-m+dp/hard/crtbegin.o
 *(.init)
 .init          0x08007e18        0x4 C:/ST/STM32CubeIDE_1.9.0/STM32CubeIDE/plugins/com.st.stm32cube.ide.mcu.externaltools.gnu-tools-for-stm32.13.3.rel1.win32_1.0.0.202411081344/tools/bin/../lib/gcc/arm-none-eabi/13.3.1/thumb/v7e-m+dp/hard/crti.o
                0x08007e18                _init
 .init          0x08007e1c        0x8 C:/ST/STM32CubeIDE_1.9.0/STM32CubeIDE/plugins/com.st.stm32cube.ide.mcu.externaltools.gnu-tools-for-stm32.13.3.rel1.win32_1.0.0.202411081344/tools/bin/../lib/gcc/arm-none-eabi/13.3.1/thumb/v7e-m+dp/hard/crtn.o
 *(.fini)
 .fini          0x08007e24        0x4 C:/ST/STM32CubeIDE_1.9.0/STM32CubeIDE/plugins/com.st.stm32cube.ide.mcu.externaltools.gnu-tools-for-stm32.13.3.rel1.win32_1.0.0.202411081344/tools/bin/../lib/gcc/arm-none-eabi/13.3.1/thumb/v7e-m+dp/hard/crti.o
                0x08007e24                _fini
 .fini          0x08007e28        0x8 C:/ST/STM32CubeIDE_1.9.0/STM32CubeIDE/plugins/com.st.stm32cube.ide.mcu.externaltools.gnu-tools-for-stm32.13.3.rel1.win32_1.0.0.202411081344/tools/bin/../lib/gcc/arm-none-eabi/13.3.1/thumb/v7e-m+dp/hard/crtn.o
                0x08007e30                        . = ALIGN (0x4)
                0x08007e30                        _etext = .

.vfp11_veneer   0x08007e30        0x0
 .vfp11_veneer  0x08007e30        0x0 linker stubs

.v4_bx          0x08007e30        0x0
 .v4_bx         0x08007e30        0x0 linker stubs

.iplt           0x08007e30        0x0
 .iplt          0x08007e30        0x0 C:/ST/STM32CubeIDE_1.9.0/STM32CubeIDE/plugins/com.st.stm32cube.ide.mcu.externaltools.gnu-tools-for-stm32.13.3.rel1.win32_1.0.0.202411081344/tools/bin/../lib/gcc/arm-none-eabi/13.3.1/thumb/v7e-m+dp/hard/crtbegin.o

.rodata         0x08007e30       0xbc
                0x08007e30                        . = ALIGN (0x4)
 *(.rodata)
 .rodata        0x08007e30       0x82 ./Application/Src/EC_Manager.o
 *(.rodata*)
 *fill*         0x08007eb2        0x2 
 .rodata.D1CorePrescTable
                0x08007eb4       0x10 ./Core/Src/system_stm32h7xx.o
                0x08007eb4                D1CorePrescTable
 .rodata.UARTPrescTable
                0x08007ec4       0x18 ./Drivers/STM32H7xx_HAL_Driver/Src/stm32h7xx_hal_uart.o
                0x08007ec4                UARTPrescTable
 .rodata.numerator.1
                0x08007edc        0x8 ./Drivers/STM32H7xx_HAL_Driver/Src/stm32h7xx_hal_uart_ex.o
 .rodata.denominator.0
                0x08007ee4        0x8 ./Drivers/STM32H7xx_HAL_Driver/Src/stm32h7xx_hal_uart_ex.o
                0x08007eec                        . = ALIGN (0x4)

.ARM.extab
 *(.ARM.extab* .gnu.linkonce.armextab.*)

.ARM            0x08007eec        0x8
                0x08007eec                        __exidx_start = .
 *(.ARM.exidx*)
 .ARM.exidx     0x08007eec        0x8 C:/ST/STM32CubeIDE_1.9.0/STM32CubeIDE/plugins/com.st.stm32cube.ide.mcu.externaltools.gnu-tools-for-stm32.13.3.rel1.win32_1.0.0.202411081344/tools/bin/../lib/gcc/arm-none-eabi/13.3.1/thumb/v7e-m+dp/hard\libgcc.a(_udivmoddi4.o)
                0x08007ef4                        __exidx_end = .

.preinit_array  0x08007ef4        0x0
                0x08007ef4                        PROVIDE (__preinit_array_start = .)
 *(.preinit_array*)
                0x08007ef4                        PROVIDE (__preinit_array_end = .)

.init_array     0x08007ef4        0x4
                0x08007ef4                        PROVIDE (__init_array_start = .)
 *(SORT_BY_NAME(.init_array.*))
 *(.init_array*)
 .init_array    0x08007ef4        0x4 C:/ST/STM32CubeIDE_1.9.0/STM32CubeIDE/plugins/com.st.stm32cube.ide.mcu.externaltools.gnu-tools-for-stm32.13.3.rel1.win32_1.0.0.202411081344/tools/bin/../lib/gcc/arm-none-eabi/13.3.1/thumb/v7e-m+dp/hard/crtbegin.o
                0x08007ef8                        PROVIDE (__init_array_end = .)

.fini_array     0x08007ef8        0x4
                [!provide]                        PROVIDE (__fini_array_start = .)
 *(SORT_BY_NAME(.fini_array.*))
 *(.fini_array*)
 .fini_array    0x08007ef8        0x4 C:/ST/STM32CubeIDE_1.9.0/STM32CubeIDE/plugins/com.st.stm32cube.ide.mcu.externaltools.gnu-tools-for-stm32.13.3.rel1.win32_1.0.0.202411081344/tools/bin/../lib/gcc/arm-none-eabi/13.3.1/thumb/v7e-m+dp/hard/crtbegin.o
                [!provide]                        PROVIDE (__fini_array_end = .)
                0x08007efc                        _sidata = LOADADDR (.data)

.rel.dyn        0x08007efc        0x0
 .rel.iplt      0x08007efc        0x0 C:/ST/STM32CubeIDE_1.9.0/STM32CubeIDE/plugins/com.st.stm32cube.ide.mcu.externaltools.gnu-tools-for-stm32.13.3.rel1.win32_1.0.0.202411081344/tools/bin/../lib/gcc/arm-none-eabi/13.3.1/thumb/v7e-m+dp/hard/crtbegin.o

.data           0x24000000       0x48 load address 0x08007efc
                0x24000000                        . = ALIGN (0x4)
                0x24000000                        _sdata = .
 *(.data)
 *(.data*)
 .data.Request_Commands
                0x24000000       0x1c ./Application/Src/EC_Manager.o
                0x24000000                Request_Commands
 .data.Response_Commands
                0x2400001c       0x1c ./Application/Src/EC_Manager.o
                0x2400001c                Response_Commands
 .data.SystemCoreClock
                0x24000038        0x4 ./Core/Src/system_stm32h7xx.o
                0x24000038                SystemCoreClock
 .data.SystemD2Clock
                0x2400003c        0x4 ./Core/Src/system_stm32h7xx.o
                0x2400003c                SystemD2Clock
 .data.uwTickPrio
                0x24000040        0x4 ./Drivers/STM32H7xx_HAL_Driver/Src/stm32h7xx_hal.o
                0x24000040                uwTickPrio
 .data.uwTickFreq
                0x24000044        0x1 ./Drivers/STM32H7xx_HAL_Driver/Src/stm32h7xx_hal.o
                0x24000044                uwTickFreq
 *(.RamFunc)
 *(.RamFunc*)
                0x24000048                        . = ALIGN (0x4)
 *fill*         0x24000045        0x3 
                0x24000048                        _edata = .

.igot.plt       0x24000048        0x0 load address 0x08007f44
 .igot.plt      0x24000048        0x0 C:/ST/STM32CubeIDE_1.9.0/STM32CubeIDE/plugins/com.st.stm32cube.ide.mcu.externaltools.gnu-tools-for-stm32.13.3.rel1.win32_1.0.0.202411081344/tools/bin/../lib/gcc/arm-none-eabi/13.3.1/thumb/v7e-m+dp/hard/crtbegin.o
                0x24000048                        . = ALIGN (0x4)

.bss            0x24000048      0x1d8 load address 0x08007f44
                0x24000048                        _sbss = .
                0x24000048                        __bss_start__ = _sbss
 *(.bss)
 .bss           0x24000048       0x1c C:/ST/STM32CubeIDE_1.9.0/STM32CubeIDE/plugins/com.st.stm32cube.ide.mcu.externaltools.gnu-tools-for-stm32.13.3.rel1.win32_1.0.0.202411081344/tools/bin/../lib/gcc/arm-none-eabi/13.3.1/thumb/v7e-m+dp/hard/crtbegin.o
 *(.bss*)
 .bss.Response  0x24000064       0x64 ./Application/Src/EC_Comm.o
                0x24000064                Response
 .bss.Response_index
                0x240000c8        0x1 ./Application/Src/EC_Comm.o
                0x240000c8                Response_index
 .bss.Response_Acknowledged
                0x240000c9        0x1 ./Application/Src/EC_Comm.o
                0x240000c9                Response_Acknowledged
 .bss.Response_Timer
                0x240000ca        0x1 ./Application/Src/EC_Comm.o
                0x240000ca                Response_Timer
 *fill*         0x240000cb        0x1 
 .bss.Txdata    0x240000cc       0x64 ./Application/Src/EC_Comm.o
                0x240000cc                Txdata
 .bss.Command_Stat
                0x24000130        0x1 ./Application/Src/EC_Manager.o
                0x24000130                Command_Stat
 .bss.sent_command
                0x24000131        0x1 ./Application/Src/EC_Manager.o
                0x24000131                sent_command
 .bss.Retry     0x24000132        0x1 ./Application/Src/EC_Manager.o
                0x24000132                Retry
 .bss.Iscommandpass
                0x24000133        0x1 ./Application/Src/EC_Manager.o
                0x24000133                Iscommandpass
 .bss.Timer_Delay.1
                0x24000134        0x2 ./Application/Src/EC_Manager.o
 .bss.Timer_Delay.0
                0x24000136        0x2 ./Application/Src/EC_Manager.o
 .bss.htim14    0x24000138       0x4c ./Core/Src/main.o
                0x24000138                htim14
 .bss.huart2    0x24000184       0x94 ./Core/Src/main.o
                0x24000184                huart2
 .bss.byte      0x24000218        0x1 ./Core/Src/main.o
                0x24000218                byte
 *fill*         0x24000219        0x3 
 .bss.uwTick    0x2400021c        0x4 ./Drivers/STM32H7xx_HAL_Driver/Src/stm32h7xx_hal.o
                0x2400021c                uwTick
 *(COMMON)
                0x24000220                        . = ALIGN (0x4)
                0x24000220                        _ebss = .
                0x24000220                        __bss_end__ = _ebss

._user_heap_stack
                0x24000220      0x600 load address 0x08007f44
                0x24000220                        . = ALIGN (0x8)
                [!provide]                        PROVIDE (end = .)
                0x24000220                        PROVIDE (_end = .)
                0x24000420                        . = (. + _Min_Heap_Size)
 *fill*         0x24000220      0x200 
                0x24000820                        . = (. + _Min_Stack_Size)
 *fill*         0x24000420      0x400 
                0x24000820                        . = ALIGN (0x8)

/DISCARD/
 libc.a(*)
 libm.a(*)
 libgcc.a(*)

.ARM.attributes
                0x00000000       0x2e
 *(.ARM.attributes)
 .ARM.attributes
                0x00000000       0x20 C:/ST/STM32CubeIDE_1.9.0/STM32CubeIDE/plugins/com.st.stm32cube.ide.mcu.externaltools.gnu-tools-for-stm32.13.3.rel1.win32_1.0.0.202411081344/tools/bin/../lib/gcc/arm-none-eabi/13.3.1/thumb/v7e-m+dp/hard/crti.o
 .ARM.attributes
                0x00000020       0x32 C:/ST/STM32CubeIDE_1.9.0/STM32CubeIDE/plugins/com.st.stm32cube.ide.mcu.externaltools.gnu-tools-for-stm32.13.3.rel1.win32_1.0.0.202411081344/tools/bin/../lib/gcc/arm-none-eabi/13.3.1/thumb/v7e-m+dp/hard/crtbegin.o
 .ARM.attributes
                0x00000052       0x32 ./Application/Src/EC_Comm.o
 .ARM.attributes
                0x00000084       0x32 ./Application/Src/EC_Manager.o
 .ARM.attributes
                0x000000b6       0x32 ./Core/Src/main.o
 .ARM.attributes
                0x000000e8       0x32 ./Core/Src/stm32h7xx_hal_msp.o
 .ARM.attributes
                0x0000011a       0x32 ./Core/Src/stm32h7xx_it.o
 .ARM.attributes
                0x0000014c       0x32 ./Core/Src/system_stm32h7xx.o
 .ARM.attributes
                0x0000017e       0x21 ./Core/Startup/startup_stm32h753zitx.o
 .ARM.attributes
                0x0000019f       0x32 ./Drivers/STM32H7xx_HAL_Driver/Src/stm32h7xx_hal.o
 .ARM.attributes
                0x000001d1       0x32 ./Drivers/STM32H7xx_HAL_Driver/Src/stm32h7xx_hal_cortex.o
 .ARM.attributes
                0x00000203       0x32 ./Drivers/STM32H7xx_HAL_Driver/Src/stm32h7xx_hal_dma.o
 .ARM.attributes
                0x00000235       0x32 ./Drivers/STM32H7xx_HAL_Driver/Src/stm32h7xx_hal_gpio.o
 .ARM.attributes
                0x00000267       0x32 ./Drivers/STM32H7xx_HAL_Driver/Src/stm32h7xx_hal_pwr_ex.o
 .ARM.attributes
                0x00000299       0x32 ./Drivers/STM32H7xx_HAL_Driver/Src/stm32h7xx_hal_rcc.o
 .ARM.attributes
                0x000002cb       0x32 ./Drivers/STM32H7xx_HAL_Driver/Src/stm32h7xx_hal_rcc_ex.o
 .ARM.attributes
                0x000002fd       0x32 ./Drivers/STM32H7xx_HAL_Driver/Src/stm32h7xx_hal_tim.o
 .ARM.attributes
                0x0000032f       0x32 ./Drivers/STM32H7xx_HAL_Driver/Src/stm32h7xx_hal_tim_ex.o
 .ARM.attributes
                0x00000361       0x32 ./Drivers/STM32H7xx_HAL_Driver/Src/stm32h7xx_hal_uart.o
 .ARM.attributes
                0x00000393       0x32 ./Drivers/STM32H7xx_HAL_Driver/Src/stm32h7xx_hal_uart_ex.o
 .ARM.attributes
                0x000003c5       0x32 C:/ST/STM32CubeIDE_1.9.0/STM32CubeIDE/plugins/com.st.stm32cube.ide.mcu.externaltools.gnu-tools-for-stm32.13.3.rel1.win32_1.0.0.202411081344/tools/bin/../lib/gcc/arm-none-eabi/13.3.1/../../../../arm-none-eabi/lib/thumb/v7e-m+dp/hard\libc_nano.a(libc_a-memset.o)
 .ARM.attributes
                0x000003f7       0x32 C:/ST/STM32CubeIDE_1.9.0/STM32CubeIDE/plugins/com.st.stm32cube.ide.mcu.externaltools.gnu-tools-for-stm32.13.3.rel1.win32_1.0.0.202411081344/tools/bin/../lib/gcc/arm-none-eabi/13.3.1/../../../../arm-none-eabi/lib/thumb/v7e-m+dp/hard\libc_nano.a(libc_a-strstr.o)
 .ARM.attributes
                0x00000429       0x32 C:/ST/STM32CubeIDE_1.9.0/STM32CubeIDE/plugins/com.st.stm32cube.ide.mcu.externaltools.gnu-tools-for-stm32.13.3.rel1.win32_1.0.0.202411081344/tools/bin/../lib/gcc/arm-none-eabi/13.3.1/../../../../arm-none-eabi/lib/thumb/v7e-m+dp/hard\libc_nano.a(libc_a-init.o)
 .ARM.attributes
                0x0000045b       0x32 C:/ST/STM32CubeIDE_1.9.0/STM32CubeIDE/plugins/com.st.stm32cube.ide.mcu.externaltools.gnu-tools-for-stm32.13.3.rel1.win32_1.0.0.202411081344/tools/bin/../lib/gcc/arm-none-eabi/13.3.1/../../../../arm-none-eabi/lib/thumb/v7e-m+dp/hard\libc_nano.a(libc_a-memcpy-stub.o)
 .ARM.attributes
                0x0000048d       0x20 C:/ST/STM32CubeIDE_1.9.0/STM32CubeIDE/plugins/com.st.stm32cube.ide.mcu.externaltools.gnu-tools-for-stm32.13.3.rel1.win32_1.0.0.202411081344/tools/bin/../lib/gcc/arm-none-eabi/13.3.1/thumb/v7e-m+dp/hard\libgcc.a(_aeabi_uldivmod.o)
 .ARM.attributes
                0x000004ad       0x32 C:/ST/STM32CubeIDE_1.9.0/STM32CubeIDE/plugins/com.st.stm32cube.ide.mcu.externaltools.gnu-tools-for-stm32.13.3.rel1.win32_1.0.0.202411081344/tools/bin/../lib/gcc/arm-none-eabi/13.3.1/thumb/v7e-m+dp/hard\libgcc.a(_udivmoddi4.o)
 .ARM.attributes
                0x000004df       0x20 C:/ST/STM32CubeIDE_1.9.0/STM32CubeIDE/plugins/com.st.stm32cube.ide.mcu.externaltools.gnu-tools-for-stm32.13.3.rel1.win32_1.0.0.202411081344/tools/bin/../lib/gcc/arm-none-eabi/13.3.1/thumb/v7e-m+dp/hard\libgcc.a(_dvmd_tls.o)
 .ARM.attributes
                0x000004ff       0x20 C:/ST/STM32CubeIDE_1.9.0/STM32CubeIDE/plugins/com.st.stm32cube.ide.mcu.externaltools.gnu-tools-for-stm32.13.3.rel1.win32_1.0.0.202411081344/tools/bin/../lib/gcc/arm-none-eabi/13.3.1/thumb/v7e-m+dp/hard/crtn.o
OUTPUT(GSM_EC200U.elf elf32-littlearm)
LOAD linker stubs
LOAD C:/ST/STM32CubeIDE_1.9.0/STM32CubeIDE/plugins/com.st.stm32cube.ide.mcu.externaltools.gnu-tools-for-stm32.13.3.rel1.win32_1.0.0.202411081344/tools/bin/../lib/gcc/arm-none-eabi/13.3.1/../../../../arm-none-eabi/lib/thumb/v7e-m+dp/hard\libc.a
LOAD C:/ST/STM32CubeIDE_1.9.0/STM32CubeIDE/plugins/com.st.stm32cube.ide.mcu.externaltools.gnu-tools-for-stm32.13.3.rel1.win32_1.0.0.202411081344/tools/bin/../lib/gcc/arm-none-eabi/13.3.1/../../../../arm-none-eabi/lib/thumb/v7e-m+dp/hard\libm.a
LOAD C:/ST/STM32CubeIDE_1.9.0/STM32CubeIDE/plugins/com.st.stm32cube.ide.mcu.externaltools.gnu-tools-for-stm32.13.3.rel1.win32_1.0.0.202411081344/tools/bin/../lib/gcc/arm-none-eabi/13.3.1/thumb/v7e-m+dp/hard\libgcc.a

.debug_info     0x00000000    0x1683f
 .debug_info    0x00000000      0xcf4 ./Application/Src/EC_Comm.o
 .debug_info    0x00000cf4      0x38a ./Application/Src/EC_Manager.o
 .debug_info    0x0000107e     0x1808 ./Core/Src/main.o
 .debug_info    0x00002886     0x183e ./Core/Src/stm32h7xx_hal_msp.o
 .debug_info    0x000040c4      0xc00 ./Core/Src/stm32h7xx_it.o
 .debug_info    0x00004cc4      0xdb2 ./Core/Src/system_stm32h7xx.o
 .debug_info    0x00005a76       0x30 ./Core/Startup/startup_stm32h753zitx.o
 .debug_info    0x00005aa6     0x1541 ./Drivers/STM32H7xx_HAL_Driver/Src/stm32h7xx_hal.o
 .debug_info    0x00006fe7     0x10b7 ./Drivers/STM32H7xx_HAL_Driver/Src/stm32h7xx_hal_cortex.o
 .debug_info    0x0000809e      0xc31 ./Drivers/STM32H7xx_HAL_Driver/Src/stm32h7xx_hal_dma.o
 .debug_info    0x00008ccf      0xc5a ./Drivers/STM32H7xx_HAL_Driver/Src/stm32h7xx_hal_gpio.o
 .debug_info    0x00009929     0x1012 ./Drivers/STM32H7xx_HAL_Driver/Src/stm32h7xx_hal_pwr_ex.o
 .debug_info    0x0000a93b      0xe6a ./Drivers/STM32H7xx_HAL_Driver/Src/stm32h7xx_hal_rcc.o
 .debug_info    0x0000b7a5     0x1225 ./Drivers/STM32H7xx_HAL_Driver/Src/stm32h7xx_hal_rcc_ex.o
 .debug_info    0x0000c9ca     0x2bae ./Drivers/STM32H7xx_HAL_Driver/Src/stm32h7xx_hal_tim.o
 .debug_info    0x0000f578     0x17eb ./Drivers/STM32H7xx_HAL_Driver/Src/stm32h7xx_hal_tim_ex.o
 .debug_info    0x00010d63     0x4b1d ./Drivers/STM32H7xx_HAL_Driver/Src/stm32h7xx_hal_uart.o
 .debug_info    0x00015880      0xfbf ./Drivers/STM32H7xx_HAL_Driver/Src/stm32h7xx_hal_uart_ex.o

.debug_abbrev   0x00000000     0x28b3
 .debug_abbrev  0x00000000      0x1ea ./Application/Src/EC_Comm.o
 .debug_abbrev  0x000001ea      0x198 ./Application/Src/EC_Manager.o
 .debug_abbrev  0x00000382      0x2f3 ./Core/Src/main.o
 .debug_abbrev  0x00000675      0x222 ./Core/Src/stm32h7xx_hal_msp.o
 .debug_abbrev  0x00000897      0x19a ./Core/Src/stm32h7xx_it.o
 .debug_abbrev  0x00000a31      0x165 ./Core/Src/system_stm32h7xx.o
 .debug_abbrev  0x00000b96       0x24 ./Core/Startup/startup_stm32h753zitx.o
 .debug_abbrev  0x00000bba      0x295 ./Drivers/STM32H7xx_HAL_Driver/Src/stm32h7xx_hal.o
 .debug_abbrev  0x00000e4f      0x339 ./Drivers/STM32H7xx_HAL_Driver/Src/stm32h7xx_hal_cortex.o
 .debug_abbrev  0x00001188      0x248 ./Drivers/STM32H7xx_HAL_Driver/Src/stm32h7xx_hal_dma.o
 .debug_abbrev  0x000013d0      0x205 ./Drivers/STM32H7xx_HAL_Driver/Src/stm32h7xx_hal_gpio.o
 .debug_abbrev  0x000015d5      0x2a7 ./Drivers/STM32H7xx_HAL_Driver/Src/stm32h7xx_hal_pwr_ex.o
 .debug_abbrev  0x0000187c      0x2c8 ./Drivers/STM32H7xx_HAL_Driver/Src/stm32h7xx_hal_rcc.o
 .debug_abbrev  0x00001b44      0x269 ./Drivers/STM32H7xx_HAL_Driver/Src/stm32h7xx_hal_rcc_ex.o
 .debug_abbrev  0x00001dad      0x276 ./Drivers/STM32H7xx_HAL_Driver/Src/stm32h7xx_hal_tim.o
 .debug_abbrev  0x00002023      0x281 ./Drivers/STM32H7xx_HAL_Driver/Src/stm32h7xx_hal_tim_ex.o
 .debug_abbrev  0x000022a4      0x33d ./Drivers/STM32H7xx_HAL_Driver/Src/stm32h7xx_hal_uart.o
 .debug_abbrev  0x000025e1      0x2d2 ./Drivers/STM32H7xx_HAL_Driver/Src/stm32h7xx_hal_uart_ex.o

.debug_aranges  0x00000000     0x10a0
 .debug_aranges
                0x00000000       0x30 ./Application/Src/EC_Comm.o
 .debug_aranges
                0x00000030       0x28 ./Application/Src/EC_Manager.o
 .debug_aranges
                0x00000058       0x50 ./Core/Src/main.o
 .debug_aranges
                0x000000a8       0x40 ./Core/Src/stm32h7xx_hal_msp.o
 .debug_aranges
                0x000000e8       0x70 ./Core/Src/stm32h7xx_it.o
 .debug_aranges
                0x00000158       0x30 ./Core/Src/system_stm32h7xx.o
 .debug_aranges
                0x00000188       0x28 ./Core/Startup/startup_stm32h753zitx.o
 .debug_aranges
                0x000001b0      0x198 ./Drivers/STM32H7xx_HAL_Driver/Src/stm32h7xx_hal.o
 .debug_aranges
                0x00000348      0x130 ./Drivers/STM32H7xx_HAL_Driver/Src/stm32h7xx_hal_cortex.o
 .debug_aranges
                0x00000478       0xa0 ./Drivers/STM32H7xx_HAL_Driver/Src/stm32h7xx_hal_dma.o
 .debug_aranges
                0x00000518       0x58 ./Drivers/STM32H7xx_HAL_Driver/Src/stm32h7xx_hal_gpio.o
 .debug_aranges
                0x00000570      0x158 ./Drivers/STM32H7xx_HAL_Driver/Src/stm32h7xx_hal_pwr_ex.o
 .debug_aranges
                0x000006c8       0x88 ./Drivers/STM32H7xx_HAL_Driver/Src/stm32h7xx_hal_rcc.o
 .debug_aranges
                0x00000750       0xf8 ./Drivers/STM32H7xx_HAL_Driver/Src/stm32h7xx_hal_rcc_ex.o
 .debug_aranges
                0x00000848      0x3e0 ./Drivers/STM32H7xx_HAL_Driver/Src/stm32h7xx_hal_tim.o
 .debug_aranges
                0x00000c28      0x188 ./Drivers/STM32H7xx_HAL_Driver/Src/stm32h7xx_hal_tim_ex.o
 .debug_aranges
                0x00000db0      0x248 ./Drivers/STM32H7xx_HAL_Driver/Src/stm32h7xx_hal_uart.o
 .debug_aranges
                0x00000ff8       0xa8 ./Drivers/STM32H7xx_HAL_Driver/Src/stm32h7xx_hal_uart_ex.o

.debug_rnglists
                0x00000000      0xd06
 .debug_rnglists
                0x00000000       0x1f ./Application/Src/EC_Comm.o
 .debug_rnglists
                0x0000001f       0x1b ./Application/Src/EC_Manager.o
 .debug_rnglists
                0x0000003a       0x3a ./Core/Src/main.o
 .debug_rnglists
                0x00000074       0x2c ./Core/Src/stm32h7xx_hal_msp.o
 .debug_rnglists
                0x000000a0       0x4f ./Core/Src/stm32h7xx_it.o
 .debug_rnglists
                0x000000ef       0x21 ./Core/Src/system_stm32h7xx.o
 .debug_rnglists
                0x00000110       0x19 ./Core/Startup/startup_stm32h753zitx.o
 .debug_rnglists
                0x00000129      0x131 ./Drivers/STM32H7xx_HAL_Driver/Src/stm32h7xx_hal.o
 .debug_rnglists
                0x0000025a       0xe0 ./Drivers/STM32H7xx_HAL_Driver/Src/stm32h7xx_hal_cortex.o
 .debug_rnglists
                0x0000033a       0x82 ./Drivers/STM32H7xx_HAL_Driver/Src/stm32h7xx_hal_dma.o
 .debug_rnglists
                0x000003bc       0x3f ./Drivers/STM32H7xx_HAL_Driver/Src/stm32h7xx_hal_gpio.o
 .debug_rnglists
                0x000003fb      0x103 ./Drivers/STM32H7xx_HAL_Driver/Src/stm32h7xx_hal_pwr_ex.o
 .debug_rnglists
                0x000004fe       0x68 ./Drivers/STM32H7xx_HAL_Driver/Src/stm32h7xx_hal_rcc.o
 .debug_rnglists
                0x00000566       0xc0 ./Drivers/STM32H7xx_HAL_Driver/Src/stm32h7xx_hal_rcc_ex.o
 .debug_rnglists
                0x00000626      0x328 ./Drivers/STM32H7xx_HAL_Driver/Src/stm32h7xx_hal_tim.o
 .debug_rnglists
                0x0000094e      0x13f ./Drivers/STM32H7xx_HAL_Driver/Src/stm32h7xx_hal_tim_ex.o
 .debug_rnglists
                0x00000a8d      0x1fa ./Drivers/STM32H7xx_HAL_Driver/Src/stm32h7xx_hal_uart.o
 .debug_rnglists
                0x00000c87       0x7f ./Drivers/STM32H7xx_HAL_Driver/Src/stm32h7xx_hal_uart_ex.o

.debug_macro    0x00000000    0x38056
 .debug_macro   0x00000000      0x36c ./Application/Src/EC_Comm.o
 .debug_macro   0x0000036c      0xaf6 ./Application/Src/EC_Comm.o
 .debug_macro   0x00000e62      0x238 ./Application/Src/EC_Comm.o
 .debug_macro   0x0000109a       0x2e ./Application/Src/EC_Comm.o
 .debug_macro   0x000010c8       0x3b ./Application/Src/EC_Comm.o
 .debug_macro   0x00001103       0x22 ./Application/Src/EC_Comm.o
 .debug_macro   0x00001125       0x8e ./Application/Src/EC_Comm.o
 .debug_macro   0x000011b3       0x51 ./Application/Src/EC_Comm.o
 .debug_macro   0x00001204      0x103 ./Application/Src/EC_Comm.o
 .debug_macro   0x00001307       0x6a ./Application/Src/EC_Comm.o
 .debug_macro   0x00001371      0x1df ./Application/Src/EC_Comm.o
 .debug_macro   0x00001550       0x1c ./Application/Src/EC_Comm.o
 .debug_macro   0x0000156c       0x22 ./Application/Src/EC_Comm.o
 .debug_macro   0x0000158e       0xfb ./Application/Src/EC_Comm.o
 .debug_macro   0x00001689     0x1305 ./Application/Src/EC_Comm.o
 .debug_macro   0x0000298e      0x11f ./Application/Src/EC_Comm.o
 .debug_macro   0x00002aad       0x27 ./Application/Src/EC_Comm.o
 .debug_macro   0x00002ad4    0x261cc ./Application/Src/EC_Comm.o
 .debug_macro   0x00028ca0       0x6d ./Application/Src/EC_Comm.o
 .debug_macro   0x00028d0d     0x3d79 ./Application/Src/EC_Comm.o
 .debug_macro   0x0002ca86      0x190 ./Application/Src/EC_Comm.o
 .debug_macro   0x0002cc16       0x61 ./Application/Src/EC_Comm.o
 .debug_macro   0x0002cc77       0x29 ./Application/Src/EC_Comm.o
 .debug_macro   0x0002cca0       0x43 ./Application/Src/EC_Comm.o
 .debug_macro   0x0002cce3       0x34 ./Application/Src/EC_Comm.o
 .debug_macro   0x0002cd17      0x370 ./Application/Src/EC_Comm.o
 .debug_macro   0x0002d087       0x16 ./Application/Src/EC_Comm.o
 .debug_macro   0x0002d09d       0x4a ./Application/Src/EC_Comm.o
 .debug_macro   0x0002d0e7       0x34 ./Application/Src/EC_Comm.o
 .debug_macro   0x0002d11b       0x10 ./Application/Src/EC_Comm.o
 .debug_macro   0x0002d12b       0x58 ./Application/Src/EC_Comm.o
 .debug_macro   0x0002d183       0x8e ./Application/Src/EC_Comm.o
 .debug_macro   0x0002d211       0x1c ./Application/Src/EC_Comm.o
 .debug_macro   0x0002d22d      0x185 ./Application/Src/EC_Comm.o
 .debug_macro   0x0002d3b2      0x19b ./Application/Src/EC_Comm.o
 .debug_macro   0x0002d54d       0x5d ./Application/Src/EC_Comm.o
 .debug_macro   0x0002d5aa     0x240e ./Application/Src/EC_Comm.o
 .debug_macro   0x0002f9b8     0x102c ./Application/Src/EC_Comm.o
 .debug_macro   0x000309e4      0x154 ./Application/Src/EC_Comm.o
 .debug_macro   0x00030b38      0x114 ./Application/Src/EC_Comm.o
 .debug_macro   0x00030c4c      0x3b6 ./Application/Src/EC_Comm.o
 .debug_macro   0x00031002       0xac ./Application/Src/EC_Comm.o
 .debug_macro   0x000310ae      0x72d ./Application/Src/EC_Comm.o
 .debug_macro   0x000317db      0x228 ./Application/Src/EC_Comm.o
 .debug_macro   0x00031a03       0x66 ./Application/Src/EC_Comm.o
 .debug_macro   0x00031a69      0x3bb ./Application/Src/EC_Comm.o
 .debug_macro   0x00031e24      0x3e4 ./Application/Src/EC_Comm.o
 .debug_macro   0x00032208      0x275 ./Application/Src/EC_Comm.o
 .debug_macro   0x0003247d      0x3ca ./Application/Src/EC_Comm.o
 .debug_macro   0x00032847      0x408 ./Application/Src/EC_Comm.o
 .debug_macro   0x00032c4f       0x51 ./Application/Src/EC_Comm.o
 .debug_macro   0x00032ca0       0x4a ./Application/Src/EC_Comm.o
 .debug_macro   0x00032cea      0x22c ./Application/Src/EC_Comm.o
 .debug_macro   0x00032f16       0x67 ./Application/Src/EC_Comm.o
 .debug_macro   0x00032f7d       0xa5 ./Application/Src/EC_Comm.o
 .debug_macro   0x00033022      0x1c4 ./Application/Src/EC_Comm.o
 .debug_macro   0x000331e6      0x25e ./Application/Src/EC_Comm.o
 .debug_macro   0x00033444       0x35 ./Application/Src/EC_Comm.o
 .debug_macro   0x00033479      0xafa ./Application/Src/EC_Comm.o
 .debug_macro   0x00033f73      0x29f ./Application/Src/EC_Comm.o
 .debug_macro   0x00034212      0x693 ./Application/Src/EC_Comm.o
 .debug_macro   0x000348a5       0xa6 ./Application/Src/EC_Comm.o
 .debug_macro   0x0003494b      0x5ac ./Application/Src/EC_Comm.o
 .debug_macro   0x00034ef7       0x1c ./Application/Src/EC_Comm.o
 .debug_macro   0x00034f13       0x3c ./Application/Src/EC_Comm.o
 .debug_macro   0x00034f4f       0x10 ./Application/Src/EC_Comm.o
 .debug_macro   0x00034f5f       0x1c ./Application/Src/EC_Comm.o
 .debug_macro   0x00034f7b       0x16 ./Application/Src/EC_Comm.o
 .debug_macro   0x00034f91      0x146 ./Application/Src/EC_Comm.o
 .debug_macro   0x000350d7       0x16 ./Application/Src/EC_Comm.o
 .debug_macro   0x000350ed       0x20 ./Application/Src/EC_Comm.o
 .debug_macro   0x0003510d       0x16 ./Application/Src/EC_Comm.o
 .debug_macro   0x00035123       0x16 ./Application/Src/EC_Comm.o
 .debug_macro   0x00035139       0x29 ./Application/Src/EC_Comm.o
 .debug_macro   0x00035162       0x4c ./Application/Src/EC_Comm.o
 .debug_macro   0x000351ae       0x10 ./Application/Src/EC_Comm.o
 .debug_macro   0x000351be      0x36c ./Application/Src/EC_Manager.o
 .debug_macro   0x0003552a      0x36c ./Core/Src/main.o
 .debug_macro   0x00035896      0x34f ./Core/Src/stm32h7xx_hal_msp.o
 .debug_macro   0x00035be5      0x359 ./Core/Src/stm32h7xx_it.o
 .debug_macro   0x00035f3e      0x2a8 ./Core/Src/system_stm32h7xx.o
 .debug_macro   0x000361e6      0x2d2 ./Drivers/STM32H7xx_HAL_Driver/Src/stm32h7xx_hal.o
 .debug_macro   0x000364b8      0x2a8 ./Drivers/STM32H7xx_HAL_Driver/Src/stm32h7xx_hal_cortex.o
 .debug_macro   0x00036760      0x2fc ./Drivers/STM32H7xx_HAL_Driver/Src/stm32h7xx_hal_dma.o
 .debug_macro   0x00036a5c      0x2af ./Drivers/STM32H7xx_HAL_Driver/Src/stm32h7xx_hal_gpio.o
 .debug_macro   0x00036d0b      0x2e1 ./Drivers/STM32H7xx_HAL_Driver/Src/stm32h7xx_hal_pwr_ex.o
 .debug_macro   0x00036fec      0x2cc ./Drivers/STM32H7xx_HAL_Driver/Src/stm32h7xx_hal_rcc.o
 .debug_macro   0x000372b8      0x2c6 ./Drivers/STM32H7xx_HAL_Driver/Src/stm32h7xx_hal_rcc_ex.o
 .debug_macro   0x0003757e      0x2a9 ./Drivers/STM32H7xx_HAL_Driver/Src/stm32h7xx_hal_tim.o
 .debug_macro   0x00037827      0x2a8 ./Drivers/STM32H7xx_HAL_Driver/Src/stm32h7xx_hal_tim_ex.o
 .debug_macro   0x00037acf      0x2d3 ./Drivers/STM32H7xx_HAL_Driver/Src/stm32h7xx_hal_uart.o
 .debug_macro   0x00037da2      0x2b4 ./Drivers/STM32H7xx_HAL_Driver/Src/stm32h7xx_hal_uart_ex.o

.debug_line     0x00000000    0x17a8b
 .debug_line    0x00000000      0x9e6 ./Application/Src/EC_Comm.o
 .debug_line    0x000009e6      0xaa2 ./Application/Src/EC_Manager.o
 .debug_line    0x00001488      0xb21 ./Core/Src/main.o
 .debug_line    0x00001fa9      0x9ef ./Core/Src/stm32h7xx_hal_msp.o
 .debug_line    0x00002998      0xa2c ./Core/Src/stm32h7xx_it.o
 .debug_line    0x000033c4      0xad4 ./Core/Src/system_stm32h7xx.o
 .debug_line    0x00003e98       0x7b ./Core/Startup/startup_stm32h753zitx.o
 .debug_line    0x00003f13      0xead ./Drivers/STM32H7xx_HAL_Driver/Src/stm32h7xx_hal.o
 .debug_line    0x00004dc0      0xe97 ./Drivers/STM32H7xx_HAL_Driver/Src/stm32h7xx_hal_cortex.o
 .debug_line    0x00005c57     0x282e ./Drivers/STM32H7xx_HAL_Driver/Src/stm32h7xx_hal_dma.o
 .debug_line    0x00008485      0xd36 ./Drivers/STM32H7xx_HAL_Driver/Src/stm32h7xx_hal_gpio.o
 .debug_line    0x000091bb     0x1031 ./Drivers/STM32H7xx_HAL_Driver/Src/stm32h7xx_hal_pwr_ex.o
 .debug_line    0x0000a1ec     0x1554 ./Drivers/STM32H7xx_HAL_Driver/Src/stm32h7xx_hal_rcc.o
 .debug_line    0x0000b740     0x1e60 ./Drivers/STM32H7xx_HAL_Driver/Src/stm32h7xx_hal_rcc_ex.o
 .debug_line    0x0000d5a0     0x4001 ./Drivers/STM32H7xx_HAL_Driver/Src/stm32h7xx_hal_tim.o
 .debug_line    0x000115a1     0x1d73 ./Drivers/STM32H7xx_HAL_Driver/Src/stm32h7xx_hal_tim_ex.o
 .debug_line    0x00013314     0x3934 ./Drivers/STM32H7xx_HAL_Driver/Src/stm32h7xx_hal_uart.o
 .debug_line    0x00016c48      0xe43 ./Drivers/STM32H7xx_HAL_Driver/Src/stm32h7xx_hal_uart_ex.o

.debug_str      0x00000000   0x165f3f
 .debug_str     0x00000000   0x165f3f ./Application/Src/EC_Comm.o
                             0x1608be (size before relaxing)
 .debug_str     0x00165f3f   0x160095 ./Application/Src/EC_Manager.o
 .debug_str     0x00165f3f   0x160ee1 ./Core/Src/main.o
 .debug_str     0x00165f3f   0x16168f ./Core/Src/stm32h7xx_hal_msp.o
 .debug_str     0x00165f3f   0x160860 ./Core/Src/stm32h7xx_it.o
 .debug_str     0x00165f3f   0x15fae6 ./Core/Src/system_stm32h7xx.o
 .debug_str     0x00165f3f       0x6f ./Core/Startup/startup_stm32h753zitx.o
 .debug_str     0x00165f3f   0x1609cc ./Drivers/STM32H7xx_HAL_Driver/Src/stm32h7xx_hal.o
 .debug_str     0x00165f3f   0x160407 ./Drivers/STM32H7xx_HAL_Driver/Src/stm32h7xx_hal_cortex.o
 .debug_str     0x00165f3f   0x1601e1 ./Drivers/STM32H7xx_HAL_Driver/Src/stm32h7xx_hal_dma.o
 .debug_str     0x00165f3f   0x15fa5e ./Drivers/STM32H7xx_HAL_Driver/Src/stm32h7xx_hal_gpio.o
 .debug_str     0x00165f3f   0x15ff1f ./Drivers/STM32H7xx_HAL_Driver/Src/stm32h7xx_hal_pwr_ex.o
 .debug_str     0x00165f3f   0x15fe42 ./Drivers/STM32H7xx_HAL_Driver/Src/stm32h7xx_hal_rcc.o
 .debug_str     0x00165f3f   0x160323 ./Drivers/STM32H7xx_HAL_Driver/Src/stm32h7xx_hal_rcc_ex.o
 .debug_str     0x00165f3f   0x160be1 ./Drivers/STM32H7xx_HAL_Driver/Src/stm32h7xx_hal_tim.o
 .debug_str     0x00165f3f   0x160509 ./Drivers/STM32H7xx_HAL_Driver/Src/stm32h7xx_hal_tim_ex.o
 .debug_str     0x00165f3f   0x160983 ./Drivers/STM32H7xx_HAL_Driver/Src/stm32h7xx_hal_uart.o
 .debug_str     0x00165f3f   0x15ff43 ./Drivers/STM32H7xx_HAL_Driver/Src/stm32h7xx_hal_uart_ex.o

.comment        0x00000000       0x43
 .comment       0x00000000       0x43 ./Application/Src/EC_Comm.o
                                 0x44 (size before relaxing)
 .comment       0x00000043       0x44 ./Application/Src/EC_Manager.o
 .comment       0x00000043       0x44 ./Core/Src/main.o
 .comment       0x00000043       0x44 ./Core/Src/stm32h7xx_hal_msp.o
 .comment       0x00000043       0x44 ./Core/Src/stm32h7xx_it.o
 .comment       0x00000043       0x44 ./Core/Src/system_stm32h7xx.o
 .comment       0x00000043       0x44 ./Drivers/STM32H7xx_HAL_Driver/Src/stm32h7xx_hal.o
 .comment       0x00000043       0x44 ./Drivers/STM32H7xx_HAL_Driver/Src/stm32h7xx_hal_cortex.o
 .comment       0x00000043       0x44 ./Drivers/STM32H7xx_HAL_Driver/Src/stm32h7xx_hal_dma.o
 .comment       0x00000043       0x44 ./Drivers/STM32H7xx_HAL_Driver/Src/stm32h7xx_hal_gpio.o
 .comment       0x00000043       0x44 ./Drivers/STM32H7xx_HAL_Driver/Src/stm32h7xx_hal_pwr_ex.o
 .comment       0x00000043       0x44 ./Drivers/STM32H7xx_HAL_Driver/Src/stm32h7xx_hal_rcc.o
 .comment       0x00000043       0x44 ./Drivers/STM32H7xx_HAL_Driver/Src/stm32h7xx_hal_rcc_ex.o
 .comment       0x00000043       0x44 ./Drivers/STM32H7xx_HAL_Driver/Src/stm32h7xx_hal_tim.o
 .comment       0x00000043       0x44 ./Drivers/STM32H7xx_HAL_Driver/Src/stm32h7xx_hal_tim_ex.o
 .comment       0x00000043       0x44 ./Drivers/STM32H7xx_HAL_Driver/Src/stm32h7xx_hal_uart.o
 .comment       0x00000043       0x44 ./Drivers/STM32H7xx_HAL_Driver/Src/stm32h7xx_hal_uart_ex.o

.debug_frame    0x00000000     0x46a8
 .debug_frame   0x00000000       0x7c ./Application/Src/EC_Comm.o
 .debug_frame   0x0000007c       0x58 ./Application/Src/EC_Manager.o
 .debug_frame   0x000000d4       0xe8 ./Core/Src/main.o
 .debug_frame   0x000001bc       0xcc ./Core/Src/stm32h7xx_hal_msp.o
 .debug_frame   0x00000288      0x13c ./Core/Src/stm32h7xx_it.o
 .debug_frame   0x000003c4       0x78 ./Core/Src/system_stm32h7xx.o
 .debug_frame   0x0000043c      0x690 ./Drivers/STM32H7xx_HAL_Driver/Src/stm32h7xx_hal.o
 .debug_frame   0x00000acc      0x508 ./Drivers/STM32H7xx_HAL_Driver/Src/stm32h7xx_hal_cortex.o
 .debug_frame   0x00000fd4      0x2b4 ./Drivers/STM32H7xx_HAL_Driver/Src/stm32h7xx_hal_dma.o
 .debug_frame   0x00001288      0x14c ./Drivers/STM32H7xx_HAL_Driver/Src/stm32h7xx_hal_gpio.o
 .debug_frame   0x000013d4      0x580 ./Drivers/STM32H7xx_HAL_Driver/Src/stm32h7xx_hal_pwr_ex.o
 .debug_frame   0x00001954      0x1f8 ./Drivers/STM32H7xx_HAL_Driver/Src/stm32h7xx_hal_rcc.o
 .debug_frame   0x00001b4c      0x414 ./Drivers/STM32H7xx_HAL_Driver/Src/stm32h7xx_hal_rcc_ex.o
 .debug_frame   0x00001f60     0x121c ./Drivers/STM32H7xx_HAL_Driver/Src/stm32h7xx_hal_tim.o
 .debug_frame   0x0000317c      0x6d8 ./Drivers/STM32H7xx_HAL_Driver/Src/stm32h7xx_hal_tim_ex.o
 .debug_frame   0x00003854      0xa94 ./Drivers/STM32H7xx_HAL_Driver/Src/stm32h7xx_hal_uart.o
 .debug_frame   0x000042e8      0x2c0 ./Drivers/STM32H7xx_HAL_Driver/Src/stm32h7xx_hal_uart_ex.o
 .debug_frame   0x000045a8       0x20 C:/ST/STM32CubeIDE_1.9.0/STM32CubeIDE/plugins/com.st.stm32cube.ide.mcu.externaltools.gnu-tools-for-stm32.13.3.rel1.win32_1.0.0.202411081344/tools/bin/../lib/gcc/arm-none-eabi/13.3.1/../../../../arm-none-eabi/lib/thumb/v7e-m+dp/hard\libc_nano.a(libc_a-memset.o)
 .debug_frame   0x000045c8       0x2c C:/ST/STM32CubeIDE_1.9.0/STM32CubeIDE/plugins/com.st.stm32cube.ide.mcu.externaltools.gnu-tools-for-stm32.13.3.rel1.win32_1.0.0.202411081344/tools/bin/../lib/gcc/arm-none-eabi/13.3.1/../../../../arm-none-eabi/lib/thumb/v7e-m+dp/hard\libc_nano.a(libc_a-strstr.o)
 .debug_frame   0x000045f4       0x2c C:/ST/STM32CubeIDE_1.9.0/STM32CubeIDE/plugins/com.st.stm32cube.ide.mcu.externaltools.gnu-tools-for-stm32.13.3.rel1.win32_1.0.0.202411081344/tools/bin/../lib/gcc/arm-none-eabi/13.3.1/../../../../arm-none-eabi/lib/thumb/v7e-m+dp/hard\libc_nano.a(libc_a-init.o)
 .debug_frame   0x00004620       0x28 C:/ST/STM32CubeIDE_1.9.0/STM32CubeIDE/plugins/com.st.stm32cube.ide.mcu.externaltools.gnu-tools-for-stm32.13.3.rel1.win32_1.0.0.202411081344/tools/bin/../lib/gcc/arm-none-eabi/13.3.1/../../../../arm-none-eabi/lib/thumb/v7e-m+dp/hard\libc_nano.a(libc_a-memcpy-stub.o)
 .debug_frame   0x00004648       0x2c C:/ST/STM32CubeIDE_1.9.0/STM32CubeIDE/plugins/com.st.stm32cube.ide.mcu.externaltools.gnu-tools-for-stm32.13.3.rel1.win32_1.0.0.202411081344/tools/bin/../lib/gcc/arm-none-eabi/13.3.1/thumb/v7e-m+dp/hard\libgcc.a(_aeabi_uldivmod.o)
 .debug_frame   0x00004674       0x34 C:/ST/STM32CubeIDE_1.9.0/STM32CubeIDE/plugins/com.st.stm32cube.ide.mcu.externaltools.gnu-tools-for-stm32.13.3.rel1.win32_1.0.0.202411081344/tools/bin/../lib/gcc/arm-none-eabi/13.3.1/thumb/v7e-m+dp/hard\libgcc.a(_udivmoddi4.o)

.debug_line_str
                0x00000000       0x53
 .debug_line_str
                0x00000000       0x53 ./Core/Startup/startup_stm32h753zitx.o
